[0.014s] Invoking command in '/home/sourav/ROS2-Self-Driving-Robot/control/bumperbot_ws/build/bumperbot_cpp_examples': CMAKE_PREFIX_PATH=/opt/ros/humble /usr/bin/cmake --build /home/sourav/ROS2-Self-Driving-Robot/control/bumperbot_ws/build/bumperbot_cpp_examples -- -j16 -l16
[0.032s] -- Found ament_cmake: 1.3.10 (/opt/ros/humble/share/ament_cmake/cmake)
[0.159s] -- Found rclcpp: 16.0.10 (/opt/ros/humble/share/rclcpp/cmake)
[0.193s] -- Found rosidl_generator_c: 3.1.5 (/opt/ros/humble/share/rosidl_generator_c/cmake)
[0.196s] -- Found rosidl_adapter: 3.1.5 (/opt/ros/humble/share/rosidl_adapter/cmake)
[0.202s] -- Found rosidl_generator_cpp: 3.1.5 (/opt/ros/humble/share/rosidl_generator_cpp/cmake)
[0.213s] -- Using all available rosidl_typesupport_c: rosidl_typesupport_fastrtps_c;rosidl_typesupport_introspection_c
[0.227s] -- Using all available rosidl_typesupport_cpp: rosidl_typesupport_fastrtps_cpp;rosidl_typesupport_introspection_cpp
[0.256s] -- Found rmw_implementation_cmake: 6.1.2 (/opt/ros/humble/share/rmw_implementation_cmake/cmake)
[0.257s] -- Found rmw_fastrtps_cpp: 6.2.7 (/opt/ros/humble/share/rmw_fastrtps_cpp/cmake)
[0.343s] -- Using RMW implementation 'rmw_fastrtps_cpp' as default
[0.391s] -- Found turtlesim: 1.4.2 (/opt/ros/humble/share/turtlesim/cmake)
[0.414s] -- Found ament_lint_auto: 0.12.11 (/opt/ros/humble/share/ament_lint_auto/cmake)
[0.479s] -- Added test 'cppcheck' to perform static code analysis on C / C++ code
[0.480s] -- Configured cppcheck include dirs: /home/sourav/ROS2-Self-Driving-Robot/control/bumperbot_ws/src/bumperbot_cpp_examples/include
[0.480s] -- Configured cppcheck exclude dirs and/or files: 
[0.480s] -- Added test 'lint_cmake' to check CMake code style
[0.481s] -- Added test 'uncrustify' to check C / C++ code style
[0.481s] -- Configured uncrustify additional arguments: 
[0.481s] -- Added test 'xmllint' to check XML markup files
[0.483s] -- Configuring done
[0.501s] -- Generating done
[0.503s] -- Build files have been written to: /home/sourav/ROS2-Self-Driving-Robot/control/bumperbot_ws/build/bumperbot_cpp_examples
[0.524s] [35m[1mConsolidate compiler generated dependencies of target simple_parameter[0m
[0.524s] [35m[1mConsolidate compiler generated dependencies of target simple_publisher[0m
[0.525s] [35m[1mConsolidate compiler generated dependencies of target simple_subscriber[0m
[0.533s] [ 12%] [32mBuilding CXX object CMakeFiles/simple_turtlesim_kinematics.dir/src/simple_turtlesim_kinematics.cpp.o[0m
[0.536s] [ 25%] [32mBuilding CXX object CMakeFiles/simple_parameter.dir/src/simple_parameter.cpp.o[0m
[0.537s] [ 37%] [32mBuilding CXX object CMakeFiles/simple_publisher.dir/src/simple_publisher.cpp.o[0m
[0.538s] [ 50%] [32mBuilding CXX object CMakeFiles/simple_subscriber.dir/src/simple_subscriber.cpp.o[0m
[2.052s] [01m[K/home/sourav/ROS2-Self-Driving-Robot/control/bumperbot_ws/src/bumperbot_cpp_examples/src/simple_turtlesim_kinematics.cpp:[m[K In constructor ‘[01m[KSimpleTurtlesimKinematics::SimpleTurtlesimKinematics(const string&)[m[K’:
[2.052s] [01m[K/home/sourav/ROS2-Self-Driving-Robot/control/bumperbot_ws/src/bumperbot_cpp_examples/src/simple_turtlesim_kinematics.cpp:7:47:[m[K [01;31m[Kerror: [m[K‘[01m[KturtlePoseCallback[m[K’ is not a member of ‘[01m[KSimpleTurtlesimKinematics[m[K’
[2.052s]     7 |         std::bind(&SimpleTurtlesimKinematics::[01;31m[KturtlePoseCallback[m[K, this, _1)):
[2.052s]       |                                               [01;31m[K^~~~~~~~~~~~~~~~~~[m[K
[2.052s] [01m[K/home/sourav/ROS2-Self-Driving-Robot/control/bumperbot_ws/src/bumperbot_cpp_examples/src/simple_turtlesim_kinematics.cpp:7:73:[m[K [01;31m[Kerror: [m[K‘[01m[K_1[m[K’ was not declared in this scope; did you mean ‘[01m[Kstd::placeholders::_1[m[K’?
[2.053s]     7 |         std::bind(&SimpleTurtlesimKinematics::turtlePoseCallback, this, [01;31m[K_1[m[K)):
[2.053s]       |                                                                         [01;31m[K^~[m[K
[2.053s]       |                                                                         [32m[Kstd::placeholders::_1[m[K
[2.053s] In file included from [01m[K/usr/include/c++/11/pstl/glue_algorithm_defs.h:13[m[K,
[2.053s]                  from [01m[K/usr/include/c++/11/algorithm:74[m[K,
[2.053s]                  from [01m[K/opt/ros/humble/include/rclcpp/rclcpp/executor.hpp:18[m[K,
[2.053s]                  from [01m[K/opt/ros/humble/include/rclcpp/rclcpp/executors/multi_threaded_executor.hpp:25[m[K,
[2.053s]                  from [01m[K/opt/ros/humble/include/rclcpp/rclcpp/executors.hpp:21[m[K,
[2.053s]                  from [01m[K/opt/ros/humble/include/rclcpp/rclcpp/rclcpp.hpp:155[m[K,
[2.053s]                  from [01m[K/home/sourav/ROS2-Self-Driving-Robot/control/bumperbot_ws/src/bumperbot_cpp_examples/include/bumperbot_cpp_examples/simple_turtlesim_kinematics.hpp:4[m[K,
[2.053s]                  from [01m[K/home/sourav/ROS2-Self-Driving-Robot/control/bumperbot_ws/src/bumperbot_cpp_examples/src/simple_turtlesim_kinematics.cpp:1[m[K:
[2.054s] [01m[K/usr/include/c++/11/functional:225:34:[m[K [01;36m[Knote: [m[K‘[01m[Kstd::placeholders::_1[m[K’ declared here
[2.054s]   225 |     extern const _Placeholder<1> [01;36m[K_1[m[K;
[2.054s]       |                                  [01;36m[K^~[m[K
[2.057s] [01m[K/home/sourav/ROS2-Self-Driving-Robot/control/bumperbot_ws/src/bumperbot_cpp_examples/src/simple_turtlesim_kinematics.cpp:[m[K In member function ‘[01m[Kvoid SimpleTurtlesimKinematics::turtle1PoseCallback(const Pose&)[m[K’:
[2.057s] [01m[K/home/sourav/ROS2-Self-Driving-Robot/control/bumperbot_ws/src/bumperbot_cpp_examples/src/simple_turtlesim_kinematics.cpp:15:5:[m[K [01;31m[Kerror: [m[K‘[01m[Klast_turtle1_pose_[m[K’ was not declared in this scope; did you mean ‘[01m[Klast_turtle1_pose[m[K’?
[2.058s]    15 |     [01;31m[Klast_turtle1_pose_[m[K = pose;
[2.058s]       |     [01;31m[K^~~~~~~~~~~~~~~~~~[m[K
[2.058s]       |     [32m[Klast_turtle1_pose[m[K
[2.062s] [01m[K/home/sourav/ROS2-Self-Driving-Robot/control/bumperbot_ws/src/bumperbot_cpp_examples/src/simple_turtlesim_kinematics.cpp:[m[K In member function ‘[01m[Kvoid SimpleTurtlesimKinematics::turtle2PoseCallback(const Pose&)[m[K’:
[2.062s] [01m[K/home/sourav/ROS2-Self-Driving-Robot/control/bumperbot_ws/src/bumperbot_cpp_examples/src/simple_turtlesim_kinematics.cpp:19:5:[m[K [01;31m[Kerror: [m[K‘[01m[Klast_turtle2_pose_[m[K’ was not declared in this scope; did you mean ‘[01m[Klast_turtle2_pose[m[K’?
[2.062s]    19 |     [01;31m[Klast_turtle2_pose_[m[K = pose;
[2.062s]       |     [01;31m[K^~~~~~~~~~~~~~~~~~[m[K
[2.062s]       |     [32m[Klast_turtle2_pose[m[K
[2.066s] [01m[K/home/sourav/ROS2-Self-Driving-Robot/control/bumperbot_ws/src/bumperbot_cpp_examples/src/simple_turtlesim_kinematics.cpp:20:39:[m[K [01;31m[Kerror: [m[K‘[01m[Klast_turtle1_pose_[m[K’ was not declared in this scope; did you mean ‘[01m[Klast_turtle1_pose[m[K’?
[2.066s]    20 |     float Tx = last_turtle2_pose_.x - [01;31m[Klast_turtle1_pose_[m[K.x;
[2.066s]       |                                       [01;31m[K^~~~~~~~~~~~~~~~~~[m[K
[2.066s]       |                                       [32m[Klast_turtle1_pose[m[K
[2.068s] [01m[K/home/sourav/ROS2-Self-Driving-Robot/control/bumperbot_ws/src/bumperbot_cpp_examples/src/simple_turtlesim_kinematics.cpp:[m[K In function ‘[01m[Kint main(int, char**)[m[K’:
[2.068s] [01m[K/home/sourav/ROS2-Self-Driving-Robot/control/bumperbot_ws/src/bumperbot_cpp_examples/src/simple_turtlesim_kinematics.cpp:30:29:[m[K [01;31m[Kerror: [m[Kexpected ‘[01m[K;[m[K’ before ‘[01m[K:[m[K’ token
[2.068s]    30 |     rclcpp::init(argc, argv)[01;31m[K:[m[K
[2.068s]       |                             [01;31m[K^[m[K
[2.068s]       |                             [32m[K;[m[K
[2.071s] [01m[K/home/sourav/ROS2-Self-Driving-Robot/control/bumperbot_ws/src/bumperbot_cpp_examples/src/simple_turtlesim_kinematics.cpp:32:18:[m[K [01;31m[Kerror: [m[K‘[01m[Knode[m[K’ was not declared in this scope
[2.071s]    32 |     rclcpp::spin([01;31m[Knode[m[K);
[2.071s]       |                  [01;31m[K^~~~[m[K
[2.345s] gmake[2]: *** [CMakeFiles/simple_turtlesim_kinematics.dir/build.make:76: CMakeFiles/simple_turtlesim_kinematics.dir/src/simple_turtlesim_kinematics.cpp.o] Error 1
[2.345s] gmake[1]: *** [CMakeFiles/Makefile2:221: CMakeFiles/simple_turtlesim_kinematics.dir/all] Error 2
[2.345s] gmake[1]: *** Waiting for unfinished jobs....
[2.476s] [ 62%] [32m[1mLinking CXX executable simple_parameter[0m
[2.607s] [ 62%] Built target simple_parameter
[3.208s] [ 75%] [32m[1mLinking CXX executable simple_publisher[0m
[3.330s] [ 75%] Built target simple_publisher
[5.223s] [ 87%] [32m[1mLinking CXX executable simple_subscriber[0m
[5.421s] [ 87%] Built target simple_subscriber
[5.422s] gmake: *** [Makefile:146: all] Error 2
