[35m[1mConsolidate compiler generated dependencies of target noisy_controller[0m
[ 25%] [32mBuilding CXX object CMakeFiles/noisy_controller.dir/src/noisy_controller.cpp.o[0m
[ 75%] Built target simple_controller
[ 75%] Built target ament_cmake_python_copy_bumperbot_controller
running egg_info
writing bumperbot_controller.egg-info/PKG-INFO
writing dependency_links to bumperbot_controller.egg-info/dependency_links.txt
writing top-level names to bumperbot_controller.egg-info/top_level.txt
reading manifest file 'bumperbot_controller.egg-info/SOURCES.txt'
writing manifest file 'bumperbot_controller.egg-info/SOURCES.txt'
[ 75%] Built target ament_cmake_python_build_bumperbot_controller_egg
[01m[K/home/sourav/ROS2-Self-Driving-Robot/control/bumperbot_ws/src/bumperbot_controller/src/noisy_controller.cpp:[m[K In member function ‘[01m[Kvoid NoisyController::jointCallback(const JointState&)[m[K’:
[01m[K/home/sourav/ROS2-Self-Driving-Robot/control/bumperbot_ws/src/bumperbot_controller/src/noisy_controller.cpp:51:43:[m[K [01;31m[Kerror: [m[Kno match for call to ‘[01m[K(const _position_type {aka const std::vector<double, std::allocator<double> >}) (int)[m[K’
   51 |   double wheel_encoder_left = [01;31m[Kmsg.position(1)[m[K + left_encoder_noise(noise_generator);
      |                               [01;31m[K~~~~~~~~~~~~^~~[m[K
[01m[K/home/sourav/ROS2-Self-Driving-Robot/control/bumperbot_ws/src/bumperbot_controller/src/noisy_controller.cpp:52:44:[m[K [01;31m[Kerror: [m[Kno match for call to ‘[01m[K(const _position_type {aka const std::vector<double, std::allocator<double> >}) (int)[m[K’
   52 |   double wheel_encoder_right = [01;31m[Kmsg.position(0)[m[K + right_encoder_noise(noise_generator);
      |                                [01;31m[K~~~~~~~~~~~~^~~[m[K
gmake[2]: *** [CMakeFiles/noisy_controller.dir/build.make:76: CMakeFiles/noisy_controller.dir/src/noisy_controller.cpp.o] Error 1
gmake[1]: *** [CMakeFiles/Makefile2:168: CMakeFiles/noisy_controller.dir/all] Error 2
gmake: *** [Makefile:146: all] Error 2
