[0.018s] Invoking command in '/home/sourav/ROS2-Self-Driving-Robot/control/bumperbot_ws/build/bumperbot_firmware': CMAKE_PREFIX_PATH=/opt/ros/humble /usr/bin/cmake --build /home/sourav/ROS2-Self-Driving-Robot/control/bumperbot_ws/build/bumperbot_firmware -- -j16 -l16
[0.037s] -- Found ament_cmake: 1.3.10 (/opt/ros/humble/share/ament_cmake/cmake)
[0.167s] -- Found rclpy: 3.3.14 (/opt/ros/humble/share/rclpy/cmake)
[0.167s] -- Found rclcpp: 16.0.10 (/opt/ros/humble/share/rclcpp/cmake)
[0.192s] -- Found rosidl_generator_c: 3.1.5 (/opt/ros/humble/share/rosidl_generator_c/cmake)
[0.194s] -- Found rosidl_adapter: 3.1.5 (/opt/ros/humble/share/rosidl_adapter/cmake)
[0.198s] -- Found rosidl_generator_cpp: 3.1.5 (/opt/ros/humble/share/rosidl_generator_cpp/cmake)
[0.205s] -- Using all available rosidl_typesupport_c: rosidl_typesupport_fastrtps_c;rosidl_typesupport_introspection_c
[0.214s] -- Using all available rosidl_typesupport_cpp: rosidl_typesupport_fastrtps_cpp;rosidl_typesupport_introspection_cpp
[0.238s] -- Found rmw_implementation_cmake: 6.1.2 (/opt/ros/humble/share/rmw_implementation_cmake/cmake)
[0.239s] -- Found rmw_fastrtps_cpp: 6.2.7 (/opt/ros/humble/share/rmw_fastrtps_cpp/cmake)
[0.334s] -- Using RMW implementation 'rmw_fastrtps_cpp' as default
[0.378s] -- Found hardware_interface: 2.43.1 (/opt/ros/humble/share/hardware_interface/cmake)
[0.546s] -- Found ament_lint_auto: 0.12.11 (/opt/ros/humble/share/ament_lint_auto/cmake)
[0.599s] -- Added test 'cppcheck' to perform static code analysis on C / C++ code
[0.599s] -- Configured cppcheck include dirs: /home/sourav/ROS2-Self-Driving-Robot/control/bumperbot_ws/src/bumperbot_firmware/;/home/sourav/ROS2-Self-Driving-Robot/control/bumperbot_ws/src/bumperbot_firmware/include
[0.599s] -- Configured cppcheck exclude dirs and/or files: 
[0.599s] -- Added test 'flake8' to check Python code syntax and style conventions
[0.600s] -- Added test 'lint_cmake' to check CMake code style
[0.600s] -- Added test 'pep257' to check Python code against some of the docstring style conventions in PEP 257
[0.600s] -- Added test 'uncrustify' to check C / C++ code style
[0.600s] -- Configured uncrustify additional arguments: 
[0.600s] -- Added test 'xmllint' to check XML markup files
[0.602s] -- Configuring done
[0.604s] [31mCMake Error at CMakeLists.txt:28 (add_executable):
[0.604s]   Cannot find source file:
[0.604s] 
[0.604s]     src/simple_serial_receiver.cpp
[0.604s] 
[0.604s]   Tried extensions .c .C .c++ .cc .cpp .cxx .cu .mpp .m .M .mm .ixx .cppm .h
[0.604s]   .hh .h++ .hm .hpp .hxx .in .txx .f .F .for .f77 .f90 .f95 .f03 .hip .ispc
[0.604s] 
[0.605s] [0m
[0.605s] [31mCMake Error at CMakeLists.txt:28 (add_executable):
[0.605s]   No SOURCES given to target: simple_serial_receiver
[0.605s] 
[0.605s] [0m
[0.605s] [0mCMake Generate step failed.  Build files cannot be regenerated correctly.[0m
[0.612s] gmake: *** [Makefile:336: cmake_check_build_system] Error 1
[0.703s] Invoked command in '/home/sourav/ROS2-Self-Driving-Robot/control/bumperbot_ws/build/bumperbot_firmware' returned '2': CMAKE_PREFIX_PATH=/opt/ros/humble /usr/bin/cmake --build /home/sourav/ROS2-Self-Driving-Robot/control/bumperbot_ws/build/bumperbot_firmware -- -j16 -l16
