-- Found ament_cmake: 1.3.10 (/opt/ros/humble/share/ament_cmake/cmake)
-- Found rclcpp: 16.0.10 (/opt/ros/humble/share/rclcpp/cmake)
-- Found rosidl_generator_c: 3.1.5 (/opt/ros/humble/share/rosidl_generator_c/cmake)
-- Found rosidl_adapter: 3.1.5 (/opt/ros/humble/share/rosidl_adapter/cmake)
-- Found rosidl_generator_cpp: 3.1.5 (/opt/ros/humble/share/rosidl_generator_cpp/cmake)
-- Using all available rosidl_typesupport_c: rosidl_typesupport_fastrtps_c;rosidl_typesupport_introspection_c
-- Using all available rosidl_typesupport_cpp: rosidl_typesupport_fastrtps_cpp;rosidl_typesupport_introspection_cpp
-- Found rmw_implementation_cmake: 6.1.2 (/opt/ros/humble/share/rmw_implementation_cmake/cmake)
-- Found rmw_fastrtps_cpp: 6.2.7 (/opt/ros/humble/share/rmw_fastrtps_cpp/cmake)
-- Using RMW implementation 'rmw_fastrtps_cpp' as default
-- Found rclpy: 3.3.14 (/opt/ros/humble/share/rclpy/cmake)
-- Found geometry_msgs: 4.2.4 (/opt/ros/humble/share/geometry_msgs/cmake)
-- Found sensor_msgs: 4.2.4 (/opt/ros/humble/share/sensor_msgs/cmake)
-- Found nav_msgs: 4.2.4 (/opt/ros/humble/share/nav_msgs/cmake)
-- Found tf2_ros: 0.25.8 (/opt/ros/humble/share/tf2_ros/cmake)
-- Found ament_lint_auto: 0.12.11 (/opt/ros/humble/share/ament_lint_auto/cmake)
-- Added test 'cppcheck' to perform static code analysis on C / C++ code
-- Configured cppcheck include dirs: /home/sourav/ROS2-Self-Driving-Robot/control/bumperbot_ws/src/bumperbot_controller/include
-- Configured cppcheck exclude dirs and/or files: 
-- Added test 'flake8' to check Python code syntax and style conventions
-- Added test 'lint_cmake' to check CMake code style
-- Added test 'pep257' to check Python code against some of the docstring style conventions in PEP 257
-- Added test 'uncrustify' to check C / C++ code style
-- Configured uncrustify additional arguments: 
-- Added test 'xmllint' to check XML markup files
-- Configuring done
-- Generating done
-- Build files have been written to: /home/sourav/ROS2-Self-Driving-Robot/control/bumperbot_ws/build/bumperbot_controller
[35m[1mConsolidate compiler generated dependencies of target simple_controller[0m
[ 50%] [32mBuilding CXX object CMakeFiles/simple_controller.dir/src/simple_controller.cpp.o[0m
[ 50%] Built target ament_cmake_python_copy_bumperbot_controller
running egg_info
writing bumperbot_controller.egg-info/PKG-INFO
writing dependency_links to bumperbot_controller.egg-info/dependency_links.txt
writing top-level names to bumperbot_controller.egg-info/top_level.txt
reading manifest file 'bumperbot_controller.egg-info/SOURCES.txt'
writing manifest file 'bumperbot_controller.egg-info/SOURCES.txt'
[ 50%] Built target ament_cmake_python_build_bumperbot_controller_egg
In file included from [01m[K/home/sourav/ROS2-Self-Driving-Robot/control/bumperbot_ws/src/bumperbot_controller/src/simple_controller.cpp:1[m[K:
[01m[K/home/sourav/ROS2-Self-Driving-Robot/control/bumperbot_ws/src/bumperbot_controller/include/bumperbot_controller/simple_controller.hpp:30:12:[m[K [01;31m[Kerror: [m[Kredeclaration of ‘[01m[Kdouble SimpleController::wheel_separation_[m[K’
   30 |     double [01;31m[Kwheel_separation_[m[K;
      |            [01;31m[K^~~~~~~~~~~~~~~~~[m[K
[01m[K/home/sourav/ROS2-Self-Driving-Robot/control/bumperbot_ws/src/bumperbot_controller/include/bumperbot_controller/simple_controller.hpp:26:12:[m[K [01;36m[Knote: [m[Kprevious declaration ‘[01m[Kdouble SimpleController::wheel_separation_[m[K’
   26 |     double [01;36m[Kwheel_separation_[m[K;
      |            [01;36m[K^~~~~~~~~~~~~~~~~[m[K
[01m[K/home/sourav/ROS2-Self-Driving-Robot/control/bumperbot_ws/src/bumperbot_controller/include/bumperbot_controller/simple_controller.hpp:31:21:[m[K [01;31m[Kerror: [m[Kredeclaration of ‘[01m[KEigen::Matrix2d SimpleController::speed_conversion_[m[K’
   31 |     Eigen::Matrix2d [01;31m[Kspeed_conversion_[m[K;
      |                     [01;31m[K^~~~~~~~~~~~~~~~~[m[K
[01m[K/home/sourav/ROS2-Self-Driving-Robot/control/bumperbot_ws/src/bumperbot_controller/include/bumperbot_controller/simple_controller.hpp:27:21:[m[K [01;36m[Knote: [m[Kprevious declaration ‘[01m[KEigen::Matrix2d SimpleController::speed_conversion_[m[K’
   27 |     Eigen::Matrix2d [01;36m[Kspeed_conversion_[m[K;
      |                     [01;36m[K^~~~~~~~~~~~~~~~~[m[K
[01m[K/home/sourav/ROS2-Self-Driving-Robot/control/bumperbot_ws/src/bumperbot_controller/src/simple_controller.cpp:[m[K In constructor ‘[01m[KSimpleController::SimpleController(const string&)[m[K’:
[01m[K/home/sourav/ROS2-Self-Driving-Robot/control/bumperbot_ws/src/bumperbot_controller/src/simple_controller.cpp:10:32:[m[K [01;31m[Kerror: [m[Kexpected ‘[01m[K{[m[K’ before ‘[01m[K;[m[K’ token
   10 |     , left_wheel_prev_pos_(0.0)[01;31m[K;[m[K
      |                                [01;31m[K^[m[K
[01m[K/home/sourav/ROS2-Self-Driving-Robot/control/bumperbot_ws/src/bumperbot_controller/src/simple_controller.cpp:[m[K At global scope:
[01m[K/home/sourav/ROS2-Self-Driving-Robot/control/bumperbot_ws/src/bumperbot_controller/src/simple_controller.cpp:11:5:[m[K [01;31m[Kerror: [m[Kexpected unqualified-id before ‘[01m[K,[m[K’ token
   11 |     [01;31m[K,[m[K right_wheel_prev_pos_(0.0);
      |     [01;31m[K^[m[K
[01m[K/home/sourav/ROS2-Self-Driving-Robot/control/bumperbot_ws/src/bumperbot_controller/src/simple_controller.cpp:11:28:[m[K [01;31m[Kerror: [m[Kexpected constructor, destructor, or type conversion before ‘[01m[K([m[K’ token
   11 |     , right_wheel_prev_pos_[01;31m[K([m[K0.0);
      |                            [01;31m[K^[m[K
[01m[K/home/sourav/ROS2-Self-Driving-Robot/control/bumperbot_ws/src/bumperbot_controller/src/simple_controller.cpp:13:1:[m[K [01;31m[Kerror: [m[Kexpected unqualified-id before ‘[01m[K{[m[K’ token
   13 | [01;31m[K{[m[K
      | [01;31m[K^[m[K
[01m[K/home/sourav/ROS2-Self-Driving-Robot/control/bumperbot_ws/src/bumperbot_controller/src/simple_controller.cpp:43:44:[m[K [01;31m[Kerror: [m[K‘[01m[Ksensor_msg[m[K’ does not name a type
   43 | void SimpleController::jointCallback(const [01;31m[Ksensor_msg[m[K::msg::JointState & msg)
      |                                            [01;31m[K^~~~~~~~~~[m[K
[01m[K/home/sourav/ROS2-Self-Driving-Robot/control/bumperbot_ws/src/bumperbot_controller/src/simple_controller.cpp:43:59:[m[K [01;31m[Kerror: [m[Kexpected unqualified-id before ‘[01m[K::[m[K’ token
   43 | void SimpleController::jointCallback(const sensor_msg::msg[01;31m[K::[m[KJointState & msg)
      |                                                           [01;31m[K^~[m[K
[01m[K/home/sourav/ROS2-Self-Driving-Robot/control/bumperbot_ws/src/bumperbot_controller/src/simple_controller.cpp:43:59:[m[K [01;31m[Kerror: [m[Kexpected ‘[01m[K)[m[K’ before ‘[01m[K::[m[K’ token
   43 | void SimpleController::jointCallback[34m[K([m[Kconst sensor_msg::msg[01;31m[K:[m[K[32m[K:[m[KJointState & msg)
      |                                     [34m[K~[m[K                     [01;31m[K^[m[K[32m[K~[m[K
      |                                                           [32m[K)[m[K
[01m[K/home/sourav/ROS2-Self-Driving-Robot/control/bumperbot_ws/src/bumperbot_controller/src/simple_controller.cpp:43:59:[m[K [01;31m[Kerror: [m[Kexpected initializer before ‘[01m[K::[m[K’ token
   43 | void SimpleController::jointCallback(const sensor_msg::msg[01;31m[K::[m[KJointState & msg)
      |                                                           [01;31m[K^~[m[K
gmake[2]: *** [CMakeFiles/simple_controller.dir/build.make:76: CMakeFiles/simple_controller.dir/src/simple_controller.cpp.o] Error 1
gmake[1]: *** [CMakeFiles/Makefile2:140: CMakeFiles/simple_controller.dir/all] Error 2
gmake: *** [Makefile:146: all] Error 2
