[0.019s] Invoking command in '/home/sourav/ROS2-Self-Driving-Robot/control/bumperbot_ws/build/bumperbot_controller': CMAKE_PREFIX_PATH=/opt/ros/humble /usr/bin/cmake --build /home/sourav/ROS2-Self-Driving-Robot/control/bumperbot_ws/build/bumperbot_controller -- -j16 -l16
[0.070s] -- Found ament_cmake: 1.3.10 (/opt/ros/humble/share/ament_cmake/cmake)
[0.238s] -- Found rclcpp: 16.0.10 (/opt/ros/humble/share/rclcpp/cmake)
[0.281s] -- Found rosidl_generator_c: 3.1.5 (/opt/ros/humble/share/rosidl_generator_c/cmake)
[0.286s] -- Found rosidl_adapter: 3.1.5 (/opt/ros/humble/share/rosidl_adapter/cmake)
[0.298s] -- Found rosidl_generator_cpp: 3.1.5 (/opt/ros/humble/share/rosidl_generator_cpp/cmake)
[0.311s] -- Using all available rosidl_typesupport_c: rosidl_typesupport_fastrtps_c;rosidl_typesupport_introspection_c
[0.334s] -- Using all available rosidl_typesupport_cpp: rosidl_typesupport_fastrtps_cpp;rosidl_typesupport_introspection_cpp
[0.386s] -- Found rmw_implementation_cmake: 6.1.2 (/opt/ros/humble/share/rmw_implementation_cmake/cmake)
[0.390s] -- Found rmw_fastrtps_cpp: 6.2.7 (/opt/ros/humble/share/rmw_fastrtps_cpp/cmake)
[0.500s] -- Using RMW implementation 'rmw_fastrtps_cpp' as default
[0.560s] -- Found rclpy: 3.3.14 (/opt/ros/humble/share/rclpy/cmake)
[0.561s] -- Found geometry_msgs: 4.2.4 (/opt/ros/humble/share/geometry_msgs/cmake)
[0.578s] -- Found sensor_msgs: 4.2.4 (/opt/ros/humble/share/sensor_msgs/cmake)
[0.596s] -- Found nav_msgs: 4.2.4 (/opt/ros/humble/share/nav_msgs/cmake)
[0.623s] -- Found tf2_ros: 0.25.8 (/opt/ros/humble/share/tf2_ros/cmake)
[0.819s] -- Found ament_lint_auto: 0.12.11 (/opt/ros/humble/share/ament_lint_auto/cmake)
[0.905s] -- Added test 'cppcheck' to perform static code analysis on C / C++ code
[0.905s] -- Configured cppcheck include dirs: /home/sourav/ROS2-Self-Driving-Robot/control/bumperbot_ws/src/bumperbot_controller/include
[0.905s] -- Configured cppcheck exclude dirs and/or files: 
[0.906s] -- Added test 'flake8' to check Python code syntax and style conventions
[0.907s] -- Added test 'lint_cmake' to check CMake code style
[0.907s] -- Added test 'pep257' to check Python code against some of the docstring style conventions in PEP 257
[0.909s] -- Added test 'uncrustify' to check C / C++ code style
[0.909s] -- Configured uncrustify additional arguments: 
[0.909s] -- Added test 'xmllint' to check XML markup files
[0.912s] -- Configuring done
[0.933s] -- Generating done
[0.936s] -- Build files have been written to: /home/sourav/ROS2-Self-Driving-Robot/control/bumperbot_ws/build/bumperbot_controller
[0.966s] [35m[1mConsolidate compiler generated dependencies of target simple_controller[0m
[0.979s] [ 50%] [32mBuilding CXX object CMakeFiles/simple_controller.dir/src/simple_controller.cpp.o[0m
[0.981s] [ 50%] Built target ament_cmake_python_copy_bumperbot_controller
[1.155s] running egg_info
[1.155s] writing bumperbot_controller.egg-info/PKG-INFO
[1.155s] writing dependency_links to bumperbot_controller.egg-info/dependency_links.txt
[1.156s] writing top-level names to bumperbot_controller.egg-info/top_level.txt
[1.157s] reading manifest file 'bumperbot_controller.egg-info/SOURCES.txt'
[1.158s] writing manifest file 'bumperbot_controller.egg-info/SOURCES.txt'
[1.184s] [ 50%] Built target ament_cmake_python_build_bumperbot_controller_egg
[2.783s] In file included from [01m[K/home/sourav/ROS2-Self-Driving-Robot/control/bumperbot_ws/src/bumperbot_controller/src/simple_controller.cpp:1[m[K:
[2.783s] [01m[K/home/sourav/ROS2-Self-Driving-Robot/control/bumperbot_ws/src/bumperbot_controller/include/bumperbot_controller/simple_controller.hpp:30:12:[m[K [01;31m[Kerror: [m[Kredeclaration of ‘[01m[Kdouble SimpleController::wheel_separation_[m[K’
[2.783s]    30 |     double [01;31m[Kwheel_separation_[m[K;
[2.783s]       |            [01;31m[K^~~~~~~~~~~~~~~~~[m[K
[2.783s] [01m[K/home/sourav/ROS2-Self-Driving-Robot/control/bumperbot_ws/src/bumperbot_controller/include/bumperbot_controller/simple_controller.hpp:26:12:[m[K [01;36m[Knote: [m[Kprevious declaration ‘[01m[Kdouble SimpleController::wheel_separation_[m[K’
[2.783s]    26 |     double [01;36m[Kwheel_separation_[m[K;
[2.783s]       |            [01;36m[K^~~~~~~~~~~~~~~~~[m[K
[2.783s] [01m[K/home/sourav/ROS2-Self-Driving-Robot/control/bumperbot_ws/src/bumperbot_controller/include/bumperbot_controller/simple_controller.hpp:31:21:[m[K [01;31m[Kerror: [m[Kredeclaration of ‘[01m[KEigen::Matrix2d SimpleController::speed_conversion_[m[K’
[2.783s]    31 |     Eigen::Matrix2d [01;31m[Kspeed_conversion_[m[K;
[2.783s]       |                     [01;31m[K^~~~~~~~~~~~~~~~~[m[K
[2.783s] [01m[K/home/sourav/ROS2-Self-Driving-Robot/control/bumperbot_ws/src/bumperbot_controller/include/bumperbot_controller/simple_controller.hpp:27:21:[m[K [01;36m[Knote: [m[Kprevious declaration ‘[01m[KEigen::Matrix2d SimpleController::speed_conversion_[m[K’
[2.783s]    27 |     Eigen::Matrix2d [01;36m[Kspeed_conversion_[m[K;
[2.783s]       |                     [01;36m[K^~~~~~~~~~~~~~~~~[m[K
[2.865s] [01m[K/home/sourav/ROS2-Self-Driving-Robot/control/bumperbot_ws/src/bumperbot_controller/src/simple_controller.cpp:[m[K In constructor ‘[01m[KSimpleController::SimpleController(const string&)[m[K’:
[2.865s] [01m[K/home/sourav/ROS2-Self-Driving-Robot/control/bumperbot_ws/src/bumperbot_controller/src/simple_controller.cpp:10:32:[m[K [01;31m[Kerror: [m[Kexpected ‘[01m[K{[m[K’ before ‘[01m[K;[m[K’ token
[2.865s]    10 |     , left_wheel_prev_pos_(0.0)[01;31m[K;[m[K
[2.865s]       |                                [01;31m[K^[m[K
[2.865s] [01m[K/home/sourav/ROS2-Self-Driving-Robot/control/bumperbot_ws/src/bumperbot_controller/src/simple_controller.cpp:[m[K At global scope:
[2.865s] [01m[K/home/sourav/ROS2-Self-Driving-Robot/control/bumperbot_ws/src/bumperbot_controller/src/simple_controller.cpp:11:5:[m[K [01;31m[Kerror: [m[Kexpected unqualified-id before ‘[01m[K,[m[K’ token
[2.865s]    11 |     [01;31m[K,[m[K right_wheel_prev_pos_(0.0);
[2.866s]       |     [01;31m[K^[m[K
[2.866s] [01m[K/home/sourav/ROS2-Self-Driving-Robot/control/bumperbot_ws/src/bumperbot_controller/src/simple_controller.cpp:11:28:[m[K [01;31m[Kerror: [m[Kexpected constructor, destructor, or type conversion before ‘[01m[K([m[K’ token
[2.866s]    11 |     , right_wheel_prev_pos_[01;31m[K([m[K0.0);
[2.866s]       |                            [01;31m[K^[m[K
[2.866s] [01m[K/home/sourav/ROS2-Self-Driving-Robot/control/bumperbot_ws/src/bumperbot_controller/src/simple_controller.cpp:13:1:[m[K [01;31m[Kerror: [m[Kexpected unqualified-id before ‘[01m[K{[m[K’ token
[2.866s]    13 | [01;31m[K{[m[K
[2.866s]       | [01;31m[K^[m[K
[2.886s] [01m[K/home/sourav/ROS2-Self-Driving-Robot/control/bumperbot_ws/src/bumperbot_controller/src/simple_controller.cpp:43:44:[m[K [01;31m[Kerror: [m[K‘[01m[Ksensor_msg[m[K’ does not name a type
[2.886s]    43 | void SimpleController::jointCallback(const [01;31m[Ksensor_msg[m[K::msg::JointState & msg)
[2.886s]       |                                            [01;31m[K^~~~~~~~~~[m[K
[2.887s] [01m[K/home/sourav/ROS2-Self-Driving-Robot/control/bumperbot_ws/src/bumperbot_controller/src/simple_controller.cpp:43:59:[m[K [01;31m[Kerror: [m[Kexpected unqualified-id before ‘[01m[K::[m[K’ token
[2.887s]    43 | void SimpleController::jointCallback(const sensor_msg::msg[01;31m[K::[m[KJointState & msg)
[2.887s]       |                                                           [01;31m[K^~[m[K
[2.887s] [01m[K/home/sourav/ROS2-Self-Driving-Robot/control/bumperbot_ws/src/bumperbot_controller/src/simple_controller.cpp:43:59:[m[K [01;31m[Kerror: [m[Kexpected ‘[01m[K)[m[K’ before ‘[01m[K::[m[K’ token
[2.887s]    43 | void SimpleController::jointCallback[34m[K([m[Kconst sensor_msg::msg[01;31m[K:[m[K[32m[K:[m[KJointState & msg)
[2.887s]       |                                     [34m[K~[m[K                     [01;31m[K^[m[K[32m[K~[m[K
[2.887s]       |                                                           [32m[K)[m[K
[2.887s] [01m[K/home/sourav/ROS2-Self-Driving-Robot/control/bumperbot_ws/src/bumperbot_controller/src/simple_controller.cpp:43:59:[m[K [01;31m[Kerror: [m[Kexpected initializer before ‘[01m[K::[m[K’ token
[2.887s]    43 | void SimpleController::jointCallback(const sensor_msg::msg[01;31m[K::[m[KJointState & msg)
[2.887s]       |                                                           [01;31m[K^~[m[K
[3.285s] gmake[2]: *** [CMakeFiles/simple_controller.dir/build.make:76: CMakeFiles/simple_controller.dir/src/simple_controller.cpp.o] Error 1
[3.285s] gmake[1]: *** [CMakeFiles/Makefile2:140: CMakeFiles/simple_controller.dir/all] Error 2
[3.285s] gmake: *** [Makefile:146: all] Error 2
[3.287s] Invoked command in '/home/sourav/ROS2-Self-Driving-Robot/control/bumperbot_ws/build/bumperbot_controller' returned '2': CMAKE_PREFIX_PATH=/opt/ros/humble /usr/bin/cmake --build /home/sourav/ROS2-Self-Driving-Robot/control/bumperbot_ws/build/bumperbot_controller -- -j16 -l16
