[0.017s] Invoking command in '/home/sourav/ROS2-Self-Driving-Robot/control/bumperbot_ws/build/bumperbot_controller': CMAKE_PREFIX_PATH=/opt/ros/humble /usr/bin/cmake --build /home/sourav/ROS2-Self-Driving-Robot/control/bumperbot_ws/build/bumperbot_controller -- -j16 -l16
[0.051s] [35m[1mConsolidate compiler generated dependencies of target simple_controller[0m
[0.064s] [  0%] Built target ament_cmake_python_copy_bumperbot_controller
[0.069s] [ 50%] [32mBuilding CXX object CMakeFiles/simple_controller.dir/src/simple_controller.cpp.o[0m
[0.327s] running egg_info
[0.327s] writing bumperbot_controller.egg-info/PKG-INFO
[0.327s] writing dependency_links to bumperbot_controller.egg-info/dependency_links.txt
[0.328s] writing top-level names to bumperbot_controller.egg-info/top_level.txt
[0.330s] reading manifest file 'bumperbot_controller.egg-info/SOURCES.txt'
[0.330s] writing manifest file 'bumperbot_controller.egg-info/SOURCES.txt'
[0.360s] [ 50%] Built target ament_cmake_python_build_bumperbot_controller_egg
[2.098s] [01m[K/home/sourav/ROS2-Self-Driving-Robot/control/bumperbot_ws/src/bumperbot_controller/src/simple_controller.cpp:[m[K In member function ‘[01m[Kvoid SimpleController::jointCallback(const JointState&)[m[K’:
[2.098s] [01m[K/home/sourav/ROS2-Self-Driving-Robot/control/bumperbot_ws/src/bumperbot_controller/src/simple_controller.cpp:85:5:[m[K [01;31m[Kerror: [m[K‘[01m[Kclass tf2::Quaternion[m[K’ has no member named ‘[01m[KsetRYP[m[K’; did you mean ‘[01m[KsetRPY[m[K’?
[2.098s]    85 |   q.[01;31m[KsetRYP[m[K(0, 0, theta_);
[2.098s]       |     [01;31m[K^~~~~~[m[K
[2.098s]       |     [32m[KsetRPY[m[K
[4.050s] gmake[2]: *** [CMakeFiles/simple_controller.dir/build.make:76: CMakeFiles/simple_controller.dir/src/simple_controller.cpp.o] Error 1
[4.050s] gmake[1]: *** [CMakeFiles/Makefile2:140: CMakeFiles/simple_controller.dir/all] Error 2
[4.050s] gmake: *** [Makefile:146: all] Error 2
[4.052s] Invoked command in '/home/sourav/ROS2-Self-Driving-Robot/control/bumperbot_ws/build/bumperbot_controller' returned '2': CMAKE_PREFIX_PATH=/opt/ros/humble /usr/bin/cmake --build /home/sourav/ROS2-Self-Driving-Robot/control/bumperbot_ws/build/bumperbot_controller -- -j16 -l16
