In file included from [01m[K/usr/include/x86_64-linux-gnu/c++/11/bits/c++allocator.h:33[m[K,
                 from [01m[K/usr/include/c++/11/bits/allocator.h:46[m[K,
                 from [01m[K/usr/include/c++/11/memory:64[m[K,
                 from [01m[K/opt/ros/humble/include/rclcpp/rclcpp/rclcpp.hpp:153[m[K,
                 from [01m[K/home/sourav/ROS2-Self-Driving-Robot/control/bumperbot_ws/src/bumperbot_cpp_examples/include/bumperbot_cpp_examples/simple_tf_kinematics.hpp:4[m[K,
                 from [01m[K/home/sourav/ROS2-Self-Driving-Robot/control/bumperbot_ws/src/bumperbot_cpp_examples/src/simple_tf_kinematics.cpp:1[m[K:
/usr/include/c++/11/ext/new_allocator.h: In instantiation of ‘[01m[Kvoid __gnu_cxx::new_allocator<_Tp>::construct(_Up*, _Args&& ...) [with _Up = tf2_ros::TransformListener; _Args = {std::unique_ptr<tf2_ros::Buffer, std::default_delete<tf2_ros::Buffer> >&}; _Tp = tf2_ros::TransformListener][m[K’:
[01m[K/usr/include/c++/11/bits/alloc_traits.h:516:17:[m[K   required from ‘[01m[Kstatic void std::allocator_traits<std::allocator<_Tp1> >::construct(std::allocator_traits<std::allocator<_Tp1> >::allocator_type&, _Up*, _Args&& ...) [with _Up = tf2_ros::TransformListener; _Args = {std::unique_ptr<tf2_ros::Buffer, std::default_delete<tf2_ros::Buffer> >&}; _Tp = tf2_ros::TransformListener; std::allocator_traits<std::allocator<_Tp1> >::allocator_type = std::allocator<tf2_ros::TransformListener>][m[K’
[01m[K/usr/include/c++/11/bits/shared_ptr_base.h:519:39:[m[K   required from ‘[01m[Kstd::_Sp_counted_ptr_inplace<_Tp, _Alloc, _Lp>::_Sp_counted_ptr_inplace(_Alloc, _Args&& ...) [with _Args = {std::unique_ptr<tf2_ros::Buffer, std::default_delete<tf2_ros::Buffer> >&}; _Tp = tf2_ros::TransformListener; _Alloc = std::allocator<tf2_ros::TransformListener>; __gnu_cxx::_Lock_policy _Lp = __gnu_cxx::_S_atomic][m[K’
[01m[K/usr/include/c++/11/bits/shared_ptr_base.h:650:16:[m[K   required from ‘[01m[Kstd::__shared_count<_Lp>::__shared_count(_Tp*&, std::_Sp_alloc_shared_tag<_Alloc>, _Args&& ...) [with _Tp = tf2_ros::TransformListener; _Alloc = std::allocator<tf2_ros::TransformListener>; _Args = {std::unique_ptr<tf2_ros::Buffer, std::default_delete<tf2_ros::Buffer> >&}; __gnu_cxx::_Lock_policy _Lp = __gnu_cxx::_S_atomic][m[K’
[01m[K/usr/include/c++/11/bits/shared_ptr_base.h:1342:14:[m[K   required from ‘[01m[Kstd::__shared_ptr<_Tp, _Lp>::__shared_ptr(std::_Sp_alloc_shared_tag<_Tp>, _Args&& ...) [with _Alloc = std::allocator<tf2_ros::TransformListener>; _Args = {std::unique_ptr<tf2_ros::Buffer, std::default_delete<tf2_ros::Buffer> >&}; _Tp = tf2_ros::TransformListener; __gnu_cxx::_Lock_policy _Lp = __gnu_cxx::_S_atomic][m[K’
[01m[K/usr/include/c++/11/bits/shared_ptr.h:409:59:[m[K   required from ‘[01m[Kstd::shared_ptr<_Tp>::shared_ptr(std::_Sp_alloc_shared_tag<_Tp>, _Args&& ...) [with _Alloc = std::allocator<tf2_ros::TransformListener>; _Args = {std::unique_ptr<tf2_ros::Buffer, std::default_delete<tf2_ros::Buffer> >&}; _Tp = tf2_ros::TransformListener][m[K’
[01m[K/usr/include/c++/11/bits/shared_ptr.h:862:14:[m[K   required from ‘[01m[Kstd::shared_ptr<_Tp> std::allocate_shared(const _Alloc&, _Args&& ...) [with _Tp = tf2_ros::TransformListener; _Alloc = std::allocator<tf2_ros::TransformListener>; _Args = {std::unique_ptr<tf2_ros::Buffer, std::default_delete<tf2_ros::Buffer> >&}][m[K’
[01m[K/usr/include/c++/11/bits/shared_ptr.h:878:39:[m[K   required from ‘[01m[Kstd::shared_ptr<_Tp> std::make_shared(_Args&& ...) [with _Tp = tf2_ros::TransformListener; _Args = {std::unique_ptr<tf2_ros::Buffer, std::default_delete<tf2_ros::Buffer> >&}][m[K’
[01m[K/home/sourav/ROS2-Self-Driving-Robot/control/bumperbot_ws/src/bumperbot_cpp_examples/src/simple_tf_kinematics.cpp:16:64:[m[K   required from here
[01m[K/usr/include/c++/11/ext/new_allocator.h:162:11:[m[K [01;31m[Kerror: [m[Kno matching function for call to ‘[01m[Ktf2_ros::TransformListener::TransformListener(std::unique_ptr<tf2_ros::Buffer>&)[m[K’
  162 |         { [01;31m[K::new((void *)__p) _Up(std::forward<_Args>(__args)...)[m[K; }
      |           [01;31m[K^~~~~~~~~~~~~~~~~~~~~~~~~~~~~~~~~~~~~~~~~~~~~~~~~~~~~~[m[K
In file included from [01m[K/home/sourav/ROS2-Self-Driving-Robot/control/bumperbot_ws/src/bumperbot_cpp_examples/include/bumperbot_cpp_examples/simple_tf_kinematics.hpp:8[m[K,
                 from [01m[K/home/sourav/ROS2-Self-Driving-Robot/control/bumperbot_ws/src/bumperbot_cpp_examples/src/simple_tf_kinematics.cpp:1[m[K:
[01m[K/opt/ros/humble/include/tf2_ros/tf2_ros/transform_listener.h:90:3:[m[K [01;36m[Knote: [m[Kcandidate: ‘[01m[Ktemplate<class NodeT, class AllocatorT> tf2_ros::TransformListener::TransformListener(tf2::BufferCore&, NodeT&&, bool, const rclcpp::QoS&, const rclcpp::QoS&, const rclcpp::SubscriptionOptionsWithAllocator<AllocatorT>&, const rclcpp::SubscriptionOptionsWithAllocator<AllocatorT>&)[m[K’
   90 |   [01;36m[KTransformListener[m[K(
      |   [01;36m[K^~~~~~~~~~~~~~~~~[m[K
[01m[K/opt/ros/humble/include/tf2_ros/tf2_ros/transform_listener.h:90:3:[m[K [01;36m[Knote: [m[K  template argument deduction/substitution failed:
In file included from [01m[K/usr/include/x86_64-linux-gnu/c++/11/bits/c++allocator.h:33[m[K,
                 from [01m[K/usr/include/c++/11/bits/allocator.h:46[m[K,
                 from [01m[K/usr/include/c++/11/memory:64[m[K,
                 from [01m[K/opt/ros/humble/include/rclcpp/rclcpp/rclcpp.hpp:153[m[K,
                 from [01m[K/home/sourav/ROS2-Self-Driving-Robot/control/bumperbot_ws/src/bumperbot_cpp_examples/include/bumperbot_cpp_examples/simple_tf_kinematics.hpp:4[m[K,
                 from [01m[K/home/sourav/ROS2-Self-Driving-Robot/control/bumperbot_ws/src/bumperbot_cpp_examples/src/simple_tf_kinematics.cpp:1[m[K:
[01m[K/usr/include/c++/11/ext/new_allocator.h:162:11:[m[K [01;36m[Knote: [m[K  candidate expects 7 arguments, 1 provided
  162 |         { [01;36m[K::new((void *)__p) _Up(std::forward<_Args>(__args)...)[m[K; }
      |           [01;36m[K^~~~~~~~~~~~~~~~~~~~~~~~~~~~~~~~~~~~~~~~~~~~~~~~~~~~~~[m[K
In file included from [01m[K/home/sourav/ROS2-Self-Driving-Robot/control/bumperbot_ws/src/bumperbot_cpp_examples/include/bumperbot_cpp_examples/simple_tf_kinematics.hpp:8[m[K,
                 from [01m[K/home/sourav/ROS2-Self-Driving-Robot/control/bumperbot_ws/src/bumperbot_cpp_examples/src/simple_tf_kinematics.cpp:1[m[K:
[01m[K/opt/ros/humble/include/tf2_ros/tf2_ros/transform_listener.h:87:12:[m[K [01;36m[Knote: [m[Kcandidate: ‘[01m[Ktf2_ros::TransformListener::TransformListener(tf2::BufferCore&, bool)[m[K’
   87 |   explicit [01;36m[KTransformListener[m[K(tf2::BufferCore & buffer, bool spin_thread = true);
      |            [01;36m[K^~~~~~~~~~~~~~~~~[m[K
[01m[K/opt/ros/humble/include/tf2_ros/tf2_ros/transform_listener.h:87:48:[m[K [01;36m[Knote: [m[K  no known conversion for argument 1 from ‘[01m[Kstd::unique_ptr<tf2_ros::Buffer>[m[K’ to ‘[01m[Ktf2::BufferCore&[m[K’
   87 |   explicit TransformListener([01;36m[Ktf2::BufferCore & buffer[m[K, bool spin_thread = true);
      |                              [01;36m[K~~~~~~~~~~~~~~~~~~^~~~~~[m[K
gmake[2]: *** [CMakeFiles/simple_tf_kinematics.dir/build.make:76: CMakeFiles/simple_tf_kinematics.dir/src/simple_tf_kinematics.cpp.o] Error 1
gmake[1]: *** [CMakeFiles/Makefile2:253: CMakeFiles/simple_tf_kinematics.dir/all] Error 2
gmake: *** [Makefile:146: all] Error 2
