[0.014s] Invoking command in '/home/sourav/ROS2-Self-Driving-Robot/control/bumperbot_ws/build/bumperbot_localization': CMAKE_PREFIX_PATH=/opt/ros/humble /usr/bin/cmake --build /home/sourav/ROS2-Self-Driving-Robot/control/bumperbot_ws/build/bumperbot_localization -- -j16 -l16
[0.030s] -- Found ament_cmake: 1.3.10 (/opt/ros/humble/share/ament_cmake/cmake)
[0.144s] -- Found rclpy: 3.3.14 (/opt/ros/humble/share/rclpy/cmake)
[0.144s] -- Found nav_msgs: 4.2.4 (/opt/ros/humble/share/nav_msgs/cmake)
[0.162s] -- Found rosidl_generator_c: 3.1.5 (/opt/ros/humble/share/rosidl_generator_c/cmake)
[0.164s] -- Found rosidl_adapter: 3.1.5 (/opt/ros/humble/share/rosidl_adapter/cmake)
[0.168s] -- Found rosidl_generator_cpp: 3.1.5 (/opt/ros/humble/share/rosidl_generator_cpp/cmake)
[0.174s] -- Using all available rosidl_typesupport_c: rosidl_typesupport_fastrtps_c;rosidl_typesupport_introspection_c
[0.181s] -- Using all available rosidl_typesupport_cpp: rosidl_typesupport_fastrtps_cpp;rosidl_typesupport_introspection_cpp
[0.215s] -- Found sensor_msgs: 4.2.4 (/opt/ros/humble/share/sensor_msgs/cmake)
[0.226s] -- Found rclcpp: 16.0.10 (/opt/ros/humble/share/rclcpp/cmake)
[0.243s] -- Found rmw_implementation_cmake: 6.1.2 (/opt/ros/humble/share/rmw_implementation_cmake/cmake)
[0.244s] -- Found rmw_fastrtps_cpp: 6.2.7 (/opt/ros/humble/share/rmw_fastrtps_cpp/cmake)
[0.315s] -- Using RMW implementation 'rmw_fastrtps_cpp' as default
[0.383s] -- Found ament_lint_auto: 0.12.11 (/opt/ros/humble/share/ament_lint_auto/cmake)
[0.448s] -- Added test 'cppcheck' to perform static code analysis on C / C++ code
[0.448s] -- Configured cppcheck include dirs: /home/sourav/ROS2-Self-Driving-Robot/control/bumperbot_ws/src/bumperbot_localization/include
[0.448s] -- Configured cppcheck exclude dirs and/or files: 
[0.449s] -- Added test 'flake8' to check Python code syntax and style conventions
[0.450s] -- Added test 'lint_cmake' to check CMake code style
[0.451s] -- Added test 'pep257' to check Python code against some of the docstring style conventions in PEP 257
[0.453s] -- Added test 'uncrustify' to check C / C++ code style
[0.453s] -- Configured uncrustify additional arguments: 
[0.453s] -- Added test 'xmllint' to check XML markup files
[0.456s] -- Configuring done
[0.471s] -- Generating done
[0.474s] -- Build files have been written to: /home/sourav/ROS2-Self-Driving-Robot/control/bumperbot_ws/build/bumperbot_localization
[0.509s] [ 50%] [32mBuilding CXX object CMakeFiles/kalman_filter.dir/src/kalman_filter.cpp.o[0m
[0.518s] [ 50%] Built target ament_cmake_python_copy_bumperbot_localization
[0.524s] [01m[K/home/sourav/ROS2-Self-Driving-Robot/control/bumperbot_ws/src/bumperbot_localization/src/kalman_filter.cpp:1:10:[m[K [01;31m[Kfatal error: [m[Kbumperbot_localization/kalman_filter.hpp: No such file or directory
[0.525s]     1 | #include [01;31m[K"bumperbot_localization/kalman_filter.hpp"[m[K
[0.525s]       |          [01;31m[K^~~~~~~~~~~~~~~~~~~~~~~~~~~~~~~~~~~~~~~~~~[m[K
[0.525s] compilation terminated.
[0.525s] gmake[2]: *** [CMakeFiles/kalman_filter.dir/build.make:76: CMakeFiles/kalman_filter.dir/src/kalman_filter.cpp.o] Error 1
[0.525s] gmake[1]: *** [CMakeFiles/Makefile2:192: CMakeFiles/kalman_filter.dir/all] Error 2
[0.526s] gmake[1]: *** Waiting for unfinished jobs....
[0.676s] running egg_info
[0.676s] writing bumperbot_localization.egg-info/PKG-INFO
[0.676s] writing dependency_links to bumperbot_localization.egg-info/dependency_links.txt
[0.676s] writing top-level names to bumperbot_localization.egg-info/top_level.txt
[0.678s] reading manifest file 'bumperbot_localization.egg-info/SOURCES.txt'
[0.678s] writing manifest file 'bumperbot_localization.egg-info/SOURCES.txt'
[0.696s] [ 50%] Built target ament_cmake_python_build_bumperbot_localization_egg
[0.696s] gmake: *** [Makefile:146: all] Error 2
[0.698s] Invoked command in '/home/sourav/ROS2-Self-Driving-Robot/control/bumperbot_ws/build/bumperbot_localization' returned '2': CMAKE_PREFIX_PATH=/opt/ros/humble /usr/bin/cmake --build /home/sourav/ROS2-Self-Driving-Robot/control/bumperbot_ws/build/bumperbot_localization -- -j16 -l16
