[0.014s] Invoking command in '/home/sourav/ROS2-Self-Driving-Robot/control/bumperbot_ws/build/bumperbot_msgs': CMAKE_PREFIX_PATH=/opt/ros/humble /usr/bin/cmake --build /home/sourav/ROS2-Self-Driving-Robot/control/bumperbot_ws/build/bumperbot_msgs -- -j16 -l16
[0.056s] [ 10%] Built target bumperbot_msgs__rosidl_generator_c
[0.057s] [ 12%] Built target bumperbot_msgs__cpp
[0.063s] [ 12%] Built target ament_cmake_python_copy_bumperbot_msgs
[0.070s] [ 23%] Built target bumperbot_msgs__rosidl_typesupport_c
[0.073s] [ 33%] Built target bumperbot_msgs__rosidl_typesupport_introspection_c
[0.074s] [ 43%] Built target bumperbot_msgs__rosidl_typesupport_introspection_cpp
[0.075s] [ 53%] Built target bumperbot_msgs__rosidl_typesupport_fastrtps_c
[0.079s] [ 64%] Built target bumperbot_msgs__rosidl_typesupport_cpp
[0.081s] [ 74%] Built target bumperbot_msgs__rosidl_typesupport_fastrtps_cpp
[0.098s] [ 74%] Built target bumperbot_msgs
[0.115s] [ 76%] Built target bumperbot_msgs__py
[0.135s] [ 84%] Built target bumperbot_msgs__rosidl_generator_py
[0.150s] [ 89%] Built target bumperbot_msgs__rosidl_typesupport_introspection_c__pyext
[0.153s] [100%] Built target bumperbot_msgs__rosidl_typesupport_fastrtps_c__pyext
[0.153s] [100%] Built target bumperbot_msgs__rosidl_typesupport_c__pyext
[0.271s] running egg_info
[0.271s] writing bumperbot_msgs.egg-info/PKG-INFO
[0.272s] writing dependency_links to bumperbot_msgs.egg-info/dependency_links.txt
[0.273s] writing top-level names to bumperbot_msgs.egg-info/top_level.txt
[0.274s] reading manifest file 'bumperbot_msgs.egg-info/SOURCES.txt'
[0.274s] writing manifest file 'bumperbot_msgs.egg-info/SOURCES.txt'
[0.291s] [100%] Built target ament_cmake_python_build_bumperbot_msgs_egg
[0.301s] Invoked command in '/home/sourav/ROS2-Self-Driving-Robot/control/bumperbot_ws/build/bumperbot_msgs' returned '0': CMAKE_PREFIX_PATH=/opt/ros/humble /usr/bin/cmake --build /home/sourav/ROS2-Self-Driving-Robot/control/bumperbot_ws/build/bumperbot_msgs -- -j16 -l16
