[0.016s] Invoking command in '/home/sourav/ROS2-Self-Driving-Robot/control/bumperbot_ws/build/bumperbot_controller': CMAKE_PREFIX_PATH=/opt/ros/humble /usr/bin/cmake --build /home/sourav/ROS2-Self-Driving-Robot/control/bumperbot_ws/build/bumperbot_controller -- -j16 -l16
[0.061s] -- Found ament_cmake: 1.3.10 (/opt/ros/humble/share/ament_cmake/cmake)
[0.197s] -- Found rclcpp: 16.0.10 (/opt/ros/humble/share/rclcpp/cmake)
[0.251s] -- Found rosidl_generator_c: 3.1.5 (/opt/ros/humble/share/rosidl_generator_c/cmake)
[0.256s] -- Found rosidl_adapter: 3.1.5 (/opt/ros/humble/share/rosidl_adapter/cmake)
[0.267s] -- Found rosidl_generator_cpp: 3.1.5 (/opt/ros/humble/share/rosidl_generator_cpp/cmake)
[0.281s] -- Using all available rosidl_typesupport_c: rosidl_typesupport_fastrtps_c;rosidl_typesupport_introspection_c
[0.295s] -- Using all available rosidl_typesupport_cpp: rosidl_typesupport_fastrtps_cpp;rosidl_typesupport_introspection_cpp
[0.347s] -- Found rmw_implementation_cmake: 6.1.2 (/opt/ros/humble/share/rmw_implementation_cmake/cmake)
[0.353s] -- Found rmw_fastrtps_cpp: 6.2.7 (/opt/ros/humble/share/rmw_fastrtps_cpp/cmake)
[0.464s] -- Using RMW implementation 'rmw_fastrtps_cpp' as default
[0.519s] -- Found rclpy: 3.3.14 (/opt/ros/humble/share/rclpy/cmake)
[0.520s] -- Found geometry_msgs: 4.2.4 (/opt/ros/humble/share/geometry_msgs/cmake)
[0.541s] -- Found sensor_msgs: 4.2.4 (/opt/ros/humble/share/sensor_msgs/cmake)
[0.568s] -- Found nav_msgs: 4.2.4 (/opt/ros/humble/share/nav_msgs/cmake)
[0.580s] -- Found tf2: 0.25.8 (/opt/ros/humble/share/tf2/cmake)
[0.587s] -- Found tf2_ros: 0.25.8 (/opt/ros/humble/share/tf2_ros/cmake)
[0.783s] -- Found ament_lint_auto: 0.12.11 (/opt/ros/humble/share/ament_lint_auto/cmake)
[0.858s] -- Added test 'cppcheck' to perform static code analysis on C / C++ code
[0.858s] -- Configured cppcheck include dirs: /home/sourav/ROS2-Self-Driving-Robot/control/bumperbot_ws/src/bumperbot_controller/include
[0.858s] -- Configured cppcheck exclude dirs and/or files: 
[0.859s] -- Added test 'flake8' to check Python code syntax and style conventions
[0.859s] -- Added test 'lint_cmake' to check CMake code style
[0.860s] -- Added test 'pep257' to check Python code against some of the docstring style conventions in PEP 257
[0.861s] -- Added test 'uncrustify' to check C / C++ code style
[0.861s] -- Configured uncrustify additional arguments: 
[0.861s] -- Added test 'xmllint' to check XML markup files
[0.862s] -- Configuring done
[0.887s] -- Generating done
[0.889s] -- Build files have been written to: /home/sourav/ROS2-Self-Driving-Robot/control/bumperbot_ws/build/bumperbot_controller
[0.915s] [35m[1mConsolidate compiler generated dependencies of target simple_controller[0m
[0.924s] [ 25%] [32mBuilding CXX object CMakeFiles/noisy_controller.dir/src/noisy_controller.cpp.o[0m
[0.929s] [ 25%] Built target ament_cmake_python_copy_bumperbot_controller
[0.935s] [ 75%] Built target simple_controller
[1.076s] running egg_info
[1.076s] writing bumperbot_controller.egg-info/PKG-INFO
[1.076s] writing dependency_links to bumperbot_controller.egg-info/dependency_links.txt
[1.076s] writing top-level names to bumperbot_controller.egg-info/top_level.txt
[1.078s] reading manifest file 'bumperbot_controller.egg-info/SOURCES.txt'
[1.078s] writing manifest file 'bumperbot_controller.egg-info/SOURCES.txt'
[1.101s] [ 75%] Built target ament_cmake_python_build_bumperbot_controller_egg
[2.585s] [01m[K/home/sourav/ROS2-Self-Driving-Robot/control/bumperbot_ws/src/bumperbot_controller/src/noisy_controller.cpp:[m[K In member function ‘[01m[Kvoid NoisyController::jointCallback(const JointState&)[m[K’:
[2.585s] [01m[K/home/sourav/ROS2-Self-Driving-Robot/control/bumperbot_ws/src/bumperbot_controller/src/noisy_controller.cpp:48:8:[m[K [01;31m[Kerror: [m[K‘[01m[Kdefault_random_engine[m[K’ is not a member of ‘[01m[Kstd[m[K’
[2.585s]    48 |   std::[01;31m[Kdefault_random_engine[m[K noise_generator(seed);
[2.585s]       |        [01;31m[K^~~~~~~~~~~~~~~~~~~~~[m[K
[2.585s] [01m[K/home/sourav/ROS2-Self-Driving-Robot/control/bumperbot_ws/src/bumperbot_controller/src/noisy_controller.cpp:49:8:[m[K [01;31m[Kerror: [m[K‘[01m[Knormal_distribution[m[K’ is not a member of ‘[01m[Kstd[m[K’; did you mean ‘[01m[Kuniform_int_distribution[m[K’?
[2.586s]    49 |   std::[01;31m[Knormal_distribution[m[K<double> left_encoder_noise(0.0, 0.005);
[2.586s]       |        [01;31m[K^~~~~~~~~~~~~~~~~~~[m[K
[2.586s]       |        [32m[Kuniform_int_distribution[m[K
[2.586s] [01m[K/home/sourav/ROS2-Self-Driving-Robot/control/bumperbot_ws/src/bumperbot_controller/src/noisy_controller.cpp:49:28:[m[K [01;31m[Kerror: [m[Kexpected primary-expression before ‘[01m[Kdouble[m[K’
[2.586s]    49 |   std::normal_distribution<[01;31m[Kdouble[m[K> left_encoder_noise(0.0, 0.005);
[2.586s]       |                            [01;31m[K^~~~~~[m[K
[2.586s] [01m[K/home/sourav/ROS2-Self-Driving-Robot/control/bumperbot_ws/src/bumperbot_controller/src/noisy_controller.cpp:50:8:[m[K [01;31m[Kerror: [m[K‘[01m[Knormal_distribution[m[K’ is not a member of ‘[01m[Kstd[m[K’; did you mean ‘[01m[Kuniform_int_distribution[m[K’?
[2.586s]    50 |   std::[01;31m[Knormal_distribution[m[K<double> right_encoder_noise(0.0, 0.005);
[2.586s]       |        [01;31m[K^~~~~~~~~~~~~~~~~~~[m[K
[2.587s]       |        [32m[Kuniform_int_distribution[m[K
[2.587s] [01m[K/home/sourav/ROS2-Self-Driving-Robot/control/bumperbot_ws/src/bumperbot_controller/src/noisy_controller.cpp:50:28:[m[K [01;31m[Kerror: [m[Kexpected primary-expression before ‘[01m[Kdouble[m[K’
[2.587s]    50 |   std::normal_distribution<[01;31m[Kdouble[m[K> right_encoder_noise(0.0, 0.005);
[2.587s]       |                            [01;31m[K^~~~~~[m[K
[2.587s] [01m[K/home/sourav/ROS2-Self-Driving-Robot/control/bumperbot_ws/src/bumperbot_controller/src/noisy_controller.cpp:51:43:[m[K [01;31m[Kerror: [m[Kno match for call to ‘[01m[K(const _position_type {aka const std::vector<double, std::allocator<double> >}) (int)[m[K’
[2.587s]    51 |   double wheel_encoder_left = [01;31m[Kmsg.position(1)[m[K + left_encoder_noise(noise_generator);
[2.587s]       |                               [01;31m[K~~~~~~~~~~~~^~~[m[K
[2.594s] [01m[K/home/sourav/ROS2-Self-Driving-Robot/control/bumperbot_ws/src/bumperbot_controller/src/noisy_controller.cpp:51:68:[m[K [01;31m[Kerror: [m[K‘[01m[Knoise_generator[m[K’ was not declared in this scope
[2.594s]    51 |   double wheel_encoder_left = msg.position(1) + left_encoder_noise([01;31m[Knoise_generator[m[K);
[2.594s]       |                                                                    [01;31m[K^~~~~~~~~~~~~~~[m[K
[2.600s] [01m[K/home/sourav/ROS2-Self-Driving-Robot/control/bumperbot_ws/src/bumperbot_controller/src/noisy_controller.cpp:51:49:[m[K [01;31m[Kerror: [m[K‘[01m[Kleft_encoder_noise[m[K’ was not declared in this scope
[2.601s]    51 |   double wheel_encoder_left = msg.position(1) + [01;31m[Kleft_encoder_noise[m[K(noise_generator);
[2.601s]       |                                                 [01;31m[K^~~~~~~~~~~~~~~~~~[m[K
[2.601s] [01m[K/home/sourav/ROS2-Self-Driving-Robot/control/bumperbot_ws/src/bumperbot_controller/src/noisy_controller.cpp:52:44:[m[K [01;31m[Kerror: [m[Kno match for call to ‘[01m[K(const _position_type {aka const std::vector<double, std::allocator<double> >}) (int)[m[K’
[2.601s]    52 |   double wheel_encoder_right = [01;31m[Kmsg.position(0)[m[K + right_encoder_noise(noise_generator);
[2.601s]       |                                [01;31m[K~~~~~~~~~~~~^~~[m[K
[2.607s] [01m[K/home/sourav/ROS2-Self-Driving-Robot/control/bumperbot_ws/src/bumperbot_controller/src/noisy_controller.cpp:52:50:[m[K [01;31m[Kerror: [m[K‘[01m[Kright_encoder_noise[m[K’ was not declared in this scope
[2.608s]    52 |   double wheel_encoder_right = msg.position(0) + [01;31m[Kright_encoder_noise[m[K(noise_generator);
[2.608s]       |                                                  [01;31m[K^~~~~~~~~~~~~~~~~~~[m[K
[4.026s] gmake[2]: *** [CMakeFiles/noisy_controller.dir/build.make:76: CMakeFiles/noisy_controller.dir/src/noisy_controller.cpp.o] Error 1
[4.026s] gmake[1]: *** [CMakeFiles/Makefile2:168: CMakeFiles/noisy_controller.dir/all] Error 2
[4.027s] gmake: *** [Makefile:146: all] Error 2
[4.029s] Invoked command in '/home/sourav/ROS2-Self-Driving-Robot/control/bumperbot_ws/build/bumperbot_controller' returned '2': CMAKE_PREFIX_PATH=/opt/ros/humble /usr/bin/cmake --build /home/sourav/ROS2-Self-Driving-Robot/control/bumperbot_ws/build/bumperbot_controller -- -j16 -l16
