[0.019s] Invoking command in '/home/sourav/ROS2-Self-Driving-Robot/control/bumperbot_ws/build/bumperbot_cpp_examples': CMAKE_PREFIX_PATH=/opt/ros/humble /usr/bin/cmake --build /home/sourav/ROS2-Self-Driving-Robot/control/bumperbot_ws/build/bumperbot_cpp_examples -- -j16 -l16
[0.057s] [35m[1mConsolidate compiler generated dependencies of target simple_turtlesim_kinematics[0m
[0.077s] [ 25%] Built target simple_parameter
[0.077s] [ 50%] Built target simple_subscriber
[0.080s] [ 75%] Built target simple_publisher
[0.080s] [ 87%] [32mBuilding CXX object CMakeFiles/simple_turtlesim_kinematics.dir/src/simple_turtlesim_kinematics.cpp.o[0m
[1.714s] [01m[K/home/sourav/ROS2-Self-Driving-Robot/control/bumperbot_ws/src/bumperbot_cpp_examples/src/simple_turtlesim_kinematics.cpp:[m[K In member function ‘[01m[Kvoid SimpleTurtlesimKinematics::turtle1PoseCallback(const Pose&)[m[K’:
[1.714s] [01m[K/home/sourav/ROS2-Self-Driving-Robot/control/bumperbot_ws/src/bumperbot_cpp_examples/src/simple_turtlesim_kinematics.cpp:16:5:[m[K [01;31m[Kerror: [m[K‘[01m[Klast_turtle1_pose_[m[K’ was not declared in this scope; did you mean ‘[01m[Klast_turtle1_pose[m[K’?
[1.714s]    16 |     [01;31m[Klast_turtle1_pose_[m[K = pose;
[1.714s]       |     [01;31m[K^~~~~~~~~~~~~~~~~~[m[K
[1.714s]       |     [32m[Klast_turtle1_pose[m[K
[1.717s] [01m[K/home/sourav/ROS2-Self-Driving-Robot/control/bumperbot_ws/src/bumperbot_cpp_examples/src/simple_turtlesim_kinematics.cpp:[m[K In member function ‘[01m[Kvoid SimpleTurtlesimKinematics::turtle2PoseCallback(const Pose&)[m[K’:
[1.717s] [01m[K/home/sourav/ROS2-Self-Driving-Robot/control/bumperbot_ws/src/bumperbot_cpp_examples/src/simple_turtlesim_kinematics.cpp:20:5:[m[K [01;31m[Kerror: [m[K‘[01m[Klast_turtle2_pose_[m[K’ was not declared in this scope; did you mean ‘[01m[Klast_turtle2_pose[m[K’?
[1.717s]    20 |     [01;31m[Klast_turtle2_pose_[m[K = pose;
[1.717s]       |     [01;31m[K^~~~~~~~~~~~~~~~~~[m[K
[1.717s]       |     [32m[Klast_turtle2_pose[m[K
[1.720s] [01m[K/home/sourav/ROS2-Self-Driving-Robot/control/bumperbot_ws/src/bumperbot_cpp_examples/src/simple_turtlesim_kinematics.cpp:21:39:[m[K [01;31m[Kerror: [m[K‘[01m[Klast_turtle1_pose_[m[K’ was not declared in this scope; did you mean ‘[01m[Klast_turtle1_pose[m[K’?
[1.720s]    21 |     float Tx = last_turtle2_pose_.x - [01;31m[Klast_turtle1_pose_[m[K.x;
[1.721s]       |                                       [01;31m[K^~~~~~~~~~~~~~~~~~[m[K
[1.721s]       |                                       [32m[Klast_turtle1_pose[m[K
[1.721s] [01m[K/home/sourav/ROS2-Self-Driving-Robot/control/bumperbot_ws/src/bumperbot_cpp_examples/src/simple_turtlesim_kinematics.cpp:[m[K In function ‘[01m[Kint main(int, char**)[m[K’:
[1.721s] [01m[K/home/sourav/ROS2-Self-Driving-Robot/control/bumperbot_ws/src/bumperbot_cpp_examples/src/simple_turtlesim_kinematics.cpp:31:29:[m[K [01;31m[Kerror: [m[Kexpected ‘[01m[K;[m[K’ before ‘[01m[K:[m[K’ token
[1.721s]    31 |     rclcpp::init(argc, argv)[01;31m[K:[m[K
[1.721s]       |                             [01;31m[K^[m[K
[1.721s]       |                             [32m[K;[m[K
[1.723s] [01m[K/home/sourav/ROS2-Self-Driving-Robot/control/bumperbot_ws/src/bumperbot_cpp_examples/src/simple_turtlesim_kinematics.cpp:33:18:[m[K [01;31m[Kerror: [m[K‘[01m[Knode[m[K’ was not declared in this scope
[1.723s]    33 |     rclcpp::spin([01;31m[Knode[m[K);
[1.723s]       |                  [01;31m[K^~~~[m[K
[3.154s] gmake[2]: *** [CMakeFiles/simple_turtlesim_kinematics.dir/build.make:76: CMakeFiles/simple_turtlesim_kinematics.dir/src/simple_turtlesim_kinematics.cpp.o] Error 1
[3.154s] gmake[1]: *** [CMakeFiles/Makefile2:221: CMakeFiles/simple_turtlesim_kinematics.dir/all] Error 2
[3.154s] gmake: *** [Makefile:146: all] Error 2
