[35m[1mConsolidate compiler generated dependencies of target simple_tf_kinematics[0m
[ 14%] Built target simple_subscriber
[ 28%] Built target simple_publisher
[ 42%] Built target simple_parameter
[ 71%] Built target simple_service_client
[ 71%] Built target simple_turtlesim_kinematics
[ 85%] Built target simple_service_server
[ 92%] [32mBuilding CXX object CMakeFiles/simple_tf_kinematics.dir/src/simple_tf_kinematics.cpp.o[0m
[01m[K/home/sourav/ROS2-Self-Driving-Robot/control/bumperbot_ws/src/bumperbot_cpp_examples/src/simple_tf_kinematics.cpp:[m[K In member function ‘[01m[Kvoid SimpleTfKinematics::timerCallback()[m[K’:
[01m[K/home/sourav/ROS2-Self-Driving-Robot/control/bumperbot_ws/src/bumperbot_cpp_examples/src/simple_tf_kinematics.cpp:69:8:[m[K [01;31m[Kerror: [m[K‘[01m[Kroations_counter_[m[K’ was not declared in this scope; did you mean ‘[01m[Krotations_counter_[m[K’?
   69 |     if([01;31m[Kroations_counter_[m[K >= 100)
      |        [01;31m[K^~~~~~~~~~~~~~~~~[m[K
      |        [32m[Krotations_counter_[m[K
[01m[K/home/sourav/ROS2-Self-Driving-Robot/control/bumperbot_ws/src/bumperbot_cpp_examples/src/simple_tf_kinematics.cpp:71:9:[m[K [01;31m[Kerror: [m[K‘[01m[Korientations_increment_[m[K’ was not declared in this scope; did you mean ‘[01m[Korientation_increment_[m[K’?
   71 |         [01;31m[Korientations_increment_[m[K = orientations_increment_.inverse();
      |         [01;31m[K^~~~~~~~~~~~~~~~~~~~~~~[m[K
      |         [32m[Korientation_increment_[m[K
gmake[2]: *** [CMakeFiles/simple_tf_kinematics.dir/build.make:76: CMakeFiles/simple_tf_kinematics.dir/src/simple_tf_kinematics.cpp.o] Error 1
gmake[1]: *** [CMakeFiles/Makefile2:253: CMakeFiles/simple_tf_kinematics.dir/all] Error 2
gmake: *** [Makefile:146: all] Error 2
