[01m[K/home/sourav/ROS2-Self-Driving-Robot/control/bumperbot_ws/src/bumperbot_cpp_examples/src/simple_turtlesim_kinematics.cpp:[m[K In constructor ‘[01m[KSimpleTurtlesimKinematics::SimpleTurtlesimKinematics(const string&)[m[K’:
[01m[K/home/sourav/ROS2-Self-Driving-Robot/control/bumperbot_ws/src/bumperbot_cpp_examples/src/simple_turtlesim_kinematics.cpp:7:47:[m[K [01;31m[Kerror: [m[K‘[01m[KturtlePoseCallback[m[K’ is not a member of ‘[01m[KSimpleTurtlesimKinematics[m[K’
    7 |         std::bind(&SimpleTurtlesimKinematics::[01;31m[KturtlePoseCallback[m[K, this, _1)):
      |                                               [01;31m[K^~~~~~~~~~~~~~~~~~[m[K
[01m[K/home/sourav/ROS2-Self-Driving-Robot/control/bumperbot_ws/src/bumperbot_cpp_examples/src/simple_turtlesim_kinematics.cpp:7:73:[m[K [01;31m[Kerror: [m[K‘[01m[K_1[m[K’ was not declared in this scope; did you mean ‘[01m[Kstd::placeholders::_1[m[K’?
    7 |         std::bind(&SimpleTurtlesimKinematics::turtlePoseCallback, this, [01;31m[K_1[m[K)):
      |                                                                         [01;31m[K^~[m[K
      |                                                                         [32m[Kstd::placeholders::_1[m[K
In file included from [01m[K/usr/include/c++/11/pstl/glue_algorithm_defs.h:13[m[K,
                 from [01m[K/usr/include/c++/11/algorithm:74[m[K,
                 from [01m[K/opt/ros/humble/include/rclcpp/rclcpp/executor.hpp:18[m[K,
                 from [01m[K/opt/ros/humble/include/rclcpp/rclcpp/executors/multi_threaded_executor.hpp:25[m[K,
                 from [01m[K/opt/ros/humble/include/rclcpp/rclcpp/executors.hpp:21[m[K,
                 from [01m[K/opt/ros/humble/include/rclcpp/rclcpp/rclcpp.hpp:155[m[K,
                 from [01m[K/home/sourav/ROS2-Self-Driving-Robot/control/bumperbot_ws/src/bumperbot_cpp_examples/include/bumperbot_cpp_examples/simple_turtlesim_kinematics.hpp:4[m[K,
                 from [01m[K/home/sourav/ROS2-Self-Driving-Robot/control/bumperbot_ws/src/bumperbot_cpp_examples/src/simple_turtlesim_kinematics.cpp:1[m[K:
[01m[K/usr/include/c++/11/functional:225:34:[m[K [01;36m[Knote: [m[K‘[01m[Kstd::placeholders::_1[m[K’ declared here
  225 |     extern const _Placeholder<1> [01;36m[K_1[m[K;
      |                                  [01;36m[K^~[m[K
[01m[K/home/sourav/ROS2-Self-Driving-Robot/control/bumperbot_ws/src/bumperbot_cpp_examples/src/simple_turtlesim_kinematics.cpp:[m[K In member function ‘[01m[Kvoid SimpleTurtlesimKinematics::turtle1PoseCallback(const Pose&)[m[K’:
[01m[K/home/sourav/ROS2-Self-Driving-Robot/control/bumperbot_ws/src/bumperbot_cpp_examples/src/simple_turtlesim_kinematics.cpp:15:5:[m[K [01;31m[Kerror: [m[K‘[01m[Klast_turtle1_pose_[m[K’ was not declared in this scope; did you mean ‘[01m[Klast_turtle1_pose[m[K’?
   15 |     [01;31m[Klast_turtle1_pose_[m[K = pose;
      |     [01;31m[K^~~~~~~~~~~~~~~~~~[m[K
      |     [32m[Klast_turtle1_pose[m[K
[01m[K/home/sourav/ROS2-Self-Driving-Robot/control/bumperbot_ws/src/bumperbot_cpp_examples/src/simple_turtlesim_kinematics.cpp:[m[K In member function ‘[01m[Kvoid SimpleTurtlesimKinematics::turtle2PoseCallback(const Pose&)[m[K’:
[01m[K/home/sourav/ROS2-Self-Driving-Robot/control/bumperbot_ws/src/bumperbot_cpp_examples/src/simple_turtlesim_kinematics.cpp:19:5:[m[K [01;31m[Kerror: [m[K‘[01m[Klast_turtle2_pose_[m[K’ was not declared in this scope; did you mean ‘[01m[Klast_turtle2_pose[m[K’?
   19 |     [01;31m[Klast_turtle2_pose_[m[K = pose;
      |     [01;31m[K^~~~~~~~~~~~~~~~~~[m[K
      |     [32m[Klast_turtle2_pose[m[K
[01m[K/home/sourav/ROS2-Self-Driving-Robot/control/bumperbot_ws/src/bumperbot_cpp_examples/src/simple_turtlesim_kinematics.cpp:20:39:[m[K [01;31m[Kerror: [m[K‘[01m[Klast_turtle1_pose_[m[K’ was not declared in this scope; did you mean ‘[01m[Klast_turtle1_pose[m[K’?
   20 |     float Tx = last_turtle2_pose_.x - [01;31m[Klast_turtle1_pose_[m[K.x;
      |                                       [01;31m[K^~~~~~~~~~~~~~~~~~[m[K
      |                                       [32m[Klast_turtle1_pose[m[K
[01m[K/home/sourav/ROS2-Self-Driving-Robot/control/bumperbot_ws/src/bumperbot_cpp_examples/src/simple_turtlesim_kinematics.cpp:[m[K In function ‘[01m[Kint main(int, char**)[m[K’:
[01m[K/home/sourav/ROS2-Self-Driving-Robot/control/bumperbot_ws/src/bumperbot_cpp_examples/src/simple_turtlesim_kinematics.cpp:30:29:[m[K [01;31m[Kerror: [m[Kexpected ‘[01m[K;[m[K’ before ‘[01m[K:[m[K’ token
   30 |     rclcpp::init(argc, argv)[01;31m[K:[m[K
      |                             [01;31m[K^[m[K
      |                             [32m[K;[m[K
[01m[K/home/sourav/ROS2-Self-Driving-Robot/control/bumperbot_ws/src/bumperbot_cpp_examples/src/simple_turtlesim_kinematics.cpp:32:18:[m[K [01;31m[Kerror: [m[K‘[01m[Knode[m[K’ was not declared in this scope
   32 |     rclcpp::spin([01;31m[Knode[m[K);
      |                  [01;31m[K^~~~[m[K
gmake[2]: *** [CMakeFiles/simple_turtlesim_kinematics.dir/build.make:76: CMakeFiles/simple_turtlesim_kinematics.dir/src/simple_turtlesim_kinematics.cpp.o] Error 1
gmake[1]: *** [CMakeFiles/Makefile2:221: CMakeFiles/simple_turtlesim_kinematics.dir/all] Error 2
gmake: *** [Makefile:146: all] Error 2
