[0.016s] Invoking command in '/home/sourav/ROS2-Self-Driving-Robot/control/bumperbot_ws/build/bumperbot_msgs': CMAKE_PREFIX_PATH=/opt/ros/humble /usr/bin/cmake --build /home/sourav/ROS2-Self-Driving-Robot/control/bumperbot_ws/build/bumperbot_msgs -- -j16 -l16
[0.058s] [ 10%] Built target bumperbot_msgs__rosidl_generator_c
[0.058s] [ 12%] Built target bumperbot_msgs__cpp
[0.061s] [ 12%] Built target ament_cmake_python_copy_bumperbot_msgs
[0.078s] [ 23%] Built target bumperbot_msgs__rosidl_typesupport_fastrtps_cpp
[0.085s] [ 33%] Built target bumperbot_msgs__rosidl_typesupport_c
[0.086s] [ 43%] Built target bumperbot_msgs__rosidl_typesupport_introspection_c
[0.086s] [ 64%] Built target bumperbot_msgs__rosidl_typesupport_introspection_cpp
[0.087s] [ 64%] Built target bumperbot_msgs__rosidl_typesupport_fastrtps_c
[0.087s] [ 74%] Built target bumperbot_msgs__rosidl_typesupport_cpp
[0.102s] [ 74%] Built target bumperbot_msgs
[0.123s] [ 76%] Built target bumperbot_msgs__py
[0.146s] [ 84%] Built target bumperbot_msgs__rosidl_generator_py
[0.166s] [ 89%] Built target bumperbot_msgs__rosidl_typesupport_introspection_c__pyext
[0.166s] [ 94%] Built target bumperbot_msgs__rosidl_typesupport_c__pyext
[0.170s] [100%] Built target bumperbot_msgs__rosidl_typesupport_fastrtps_c__pyext
[0.355s] running egg_info
[0.356s] writing bumperbot_msgs.egg-info/PKG-INFO
[0.357s] writing dependency_links to bumperbot_msgs.egg-info/dependency_links.txt
[0.357s] writing top-level names to bumperbot_msgs.egg-info/top_level.txt
[0.359s] reading manifest file 'bumperbot_msgs.egg-info/SOURCES.txt'
[0.360s] writing manifest file 'bumperbot_msgs.egg-info/SOURCES.txt'
[0.386s] [100%] Built target ament_cmake_python_build_bumperbot_msgs_egg
[0.392s] Invoked command in '/home/sourav/ROS2-Self-Driving-Robot/control/bumperbot_ws/build/bumperbot_msgs' returned '0': CMAKE_PREFIX_PATH=/opt/ros/humble /usr/bin/cmake --build /home/sourav/ROS2-Self-Driving-Robot/control/bumperbot_ws/build/bumperbot_msgs -- -j16 -l16
