[0.024s] Invoking command in '/home/sourav/ROS2-Self-Driving-Robot/control/bumperbot_ws/build/bumperbot_msgs': CMAKE_PREFIX_PATH=/opt/ros/humble /usr/bin/cmake --build /home/sourav/ROS2-Self-Driving-Robot/control/bumperbot_ws/build/bumperbot_msgs -- -j16 -l16
[0.066s] [  2%] Built target bumperbot_msgs__cpp
[0.072s] [ 12%] Built target bumperbot_msgs__rosidl_generator_c
[0.079s] [ 12%] Built target ament_cmake_python_copy_bumperbot_msgs
[0.090s] [ 23%] Built target bumperbot_msgs__rosidl_typesupport_cpp
[0.098s] [ 33%] Built target bumperbot_msgs__rosidl_typesupport_fastrtps_c
[0.098s] [ 43%] Built target bumperbot_msgs__rosidl_typesupport_c
[0.099s] [ 53%] Built target bumperbot_msgs__rosidl_typesupport_fastrtps_cpp
[0.101s] [ 66%] Built target bumperbot_msgs__rosidl_typesupport_introspection_c
[0.101s] [ 74%] Built target bumperbot_msgs__rosidl_typesupport_introspection_cpp
[0.120s] [ 74%] Built target bumperbot_msgs
[0.142s] [ 76%] Built target bumperbot_msgs__py
[0.161s] [ 84%] Built target bumperbot_msgs__rosidl_generator_py
[0.181s] [ 92%] Built target bumperbot_msgs__rosidl_typesupport_introspection_c__pyext
[0.181s] [ 94%] Built target bumperbot_msgs__rosidl_typesupport_fastrtps_c__pyext
[0.183s] [100%] Built target bumperbot_msgs__rosidl_typesupport_c__pyext
[0.402s] running egg_info
[0.403s] writing bumperbot_msgs.egg-info/PKG-INFO
[0.403s] writing dependency_links to bumperbot_msgs.egg-info/dependency_links.txt
[0.404s] writing top-level names to bumperbot_msgs.egg-info/top_level.txt
[0.407s] reading manifest file 'bumperbot_msgs.egg-info/SOURCES.txt'
[0.407s] writing manifest file 'bumperbot_msgs.egg-info/SOURCES.txt'
[0.440s] [100%] Built target ament_cmake_python_build_bumperbot_msgs_egg
