[0.024s] Invoking command in '/home/sourav/ROS2-Self-Driving-Robot/control/bumperbot_ws/build/bumperbot_controller': CMAKE_PREFIX_PATH=/opt/ros/humble /usr/bin/cmake --build /home/sourav/ROS2-Self-Driving-Robot/control/bumperbot_ws/build/bumperbot_controller -- -j16 -l16
[0.044s] -- Found ament_cmake: 1.3.10 (/opt/ros/humble/share/ament_cmake/cmake)
[0.203s] -- Found rclcpp: 16.0.10 (/opt/ros/humble/share/rclcpp/cmake)
[0.235s] -- Found rosidl_generator_c: 3.1.5 (/opt/ros/humble/share/rosidl_generator_c/cmake)
[0.237s] -- Found rosidl_adapter: 3.1.5 (/opt/ros/humble/share/rosidl_adapter/cmake)
[0.241s] -- Found rosidl_generator_cpp: 3.1.5 (/opt/ros/humble/share/rosidl_generator_cpp/cmake)
[0.251s] -- Using all available rosidl_typesupport_c: rosidl_typesupport_fastrtps_c;rosidl_typesupport_introspection_c
[0.265s] -- Using all available rosidl_typesupport_cpp: rosidl_typesupport_fastrtps_cpp;rosidl_typesupport_introspection_cpp
[0.291s] -- Found rmw_implementation_cmake: 6.1.2 (/opt/ros/humble/share/rmw_implementation_cmake/cmake)
[0.292s] -- Found rmw_fastrtps_cpp: 6.2.7 (/opt/ros/humble/share/rmw_fastrtps_cpp/cmake)
[0.391s] -- Using RMW implementation 'rmw_fastrtps_cpp' as default
[0.427s] -- Found rclpy: 3.3.14 (/opt/ros/humble/share/rclpy/cmake)
[0.427s] -- Found geometry_msgs: 4.2.4 (/opt/ros/humble/share/geometry_msgs/cmake)
[0.436s] -- Found sensor_msgs: 4.2.4 (/opt/ros/humble/share/sensor_msgs/cmake)
[0.448s] -- Found nav_msgs: 4.2.4 (/opt/ros/humble/share/nav_msgs/cmake)
[0.460s] -- Found tf2: 0.25.8 (/opt/ros/humble/share/tf2/cmake)
[0.463s] -- Found tf2_ros: 0.25.8 (/opt/ros/humble/share/tf2_ros/cmake)
[0.574s] -- Found ament_lint_auto: 0.12.11 (/opt/ros/humble/share/ament_lint_auto/cmake)
[0.669s] -- Added test 'cppcheck' to perform static code analysis on C / C++ code
[0.669s] -- Configured cppcheck include dirs: /home/sourav/ROS2-Self-Driving-Robot/control/bumperbot_ws/src/bumperbot_controller/include
[0.670s] -- Configured cppcheck exclude dirs and/or files: 
[0.670s] -- Added test 'flake8' to check Python code syntax and style conventions
[0.670s] -- Added test 'lint_cmake' to check CMake code style
[0.670s] -- Added test 'pep257' to check Python code against some of the docstring style conventions in PEP 257
[0.671s] -- Added test 'uncrustify' to check C / C++ code style
[0.671s] -- Configured uncrustify additional arguments: 
[0.671s] -- Added test 'xmllint' to check XML markup files
[0.672s] -- Configuring done
[0.685s] -- Generating done
[0.691s] -- Build files have been written to: /home/sourav/ROS2-Self-Driving-Robot/control/bumperbot_ws/build/bumperbot_controller
[0.717s] [35m[1mConsolidate compiler generated dependencies of target twist_republisher[0m
[0.717s] [35m[1mConsolidate compiler generated dependencies of target noisy_controller[0m
[0.717s] [35m[1mConsolidate compiler generated dependencies of target simple_controller[0m
[0.730s] [  0%] Built target ament_cmake_python_copy_bumperbot_controller
[0.735s] [ 50%] Built target noisy_controller
[0.736s] [ 50%] [32mBuilding CXX object CMakeFiles/twist_republisher.dir/src/twist_republisher.cpp.o[0m
[0.736s] [ 83%] Built target simple_controller
[0.894s] running egg_info
[0.895s] writing bumperbot_controller.egg-info/PKG-INFO
[0.895s] writing dependency_links to bumperbot_controller.egg-info/dependency_links.txt
[0.895s] writing top-level names to bumperbot_controller.egg-info/top_level.txt
[0.897s] reading manifest file 'bumperbot_controller.egg-info/SOURCES.txt'
[0.897s] writing manifest file 'bumperbot_controller.egg-info/SOURCES.txt'
[0.921s] [ 83%] Built target ament_cmake_python_build_bumperbot_controller_egg
[2.301s] [01m[K/home/sourav/ROS2-Self-Driving-Robot/control/bumperbot_ws/src/bumperbot_controller/src/twist_republisher.cpp:[m[K In member function ‘[01m[Kvoid TwistRepublisher::twistStampedCallback(const Twist&) const[m[K’:
[2.301s] [01m[K/home/sourav/ROS2-Self-Driving-Robot/control/bumperbot_ws/src/bumperbot_controller/src/twist_republisher.cpp:24:68:[m[K [01;31m[Kerror: [m[Kpassing ‘[01m[Kstd::__shared_ptr_access<const rclcpp::Clock, __gnu_cxx::_S_atomic, false, false>::element_type[m[K’ {aka ‘[01m[Kconst rclcpp::Clock[m[K’} as ‘[01m[Kthis[m[K’ argument discards qualifiers [[01;31m[K]8;;https://gcc.gnu.org/onlinedocs/gcc/Warning-Options.html#index-fpermissive-fpermissive]8;;[m[K]
[2.301s]    24 |             twist_stamped_msg.header.stamp = [01;31m[Kthis->get_clock()->now()[m[K;
[2.301s]       |                                              [01;31m[K~~~~~~~~~~~~~~~~~~~~~~^~[m[K
[2.301s] In file included from [01m[K/opt/ros/humble/include/rclcpp/rclcpp/timer.hpp:27[m[K,
[2.301s]                  from [01m[K/opt/ros/humble/include/rclcpp/rclcpp/callback_group.hpp:30[m[K,
[2.301s]                  from [01m[K/opt/ros/humble/include/rclcpp/rclcpp/any_executable.hpp:20[m[K,
[2.302s]                  from [01m[K/opt/ros/humble/include/rclcpp/rclcpp/memory_strategy.hpp:25[m[K,
[2.302s]                  from [01m[K/opt/ros/humble/include/rclcpp/rclcpp/memory_strategies.hpp:18[m[K,
[2.302s]                  from [01m[K/opt/ros/humble/include/rclcpp/rclcpp/executor_options.hpp:20[m[K,
[2.302s]                  from [01m[K/opt/ros/humble/include/rclcpp/rclcpp/executor.hpp:37[m[K,
[2.302s]                  from [01m[K/opt/ros/humble/include/rclcpp/rclcpp/executors/multi_threaded_executor.hpp:25[m[K,
[2.302s]                  from [01m[K/opt/ros/humble/include/rclcpp/rclcpp/executors.hpp:21[m[K,
[2.302s]                  from [01m[K/opt/ros/humble/include/rclcpp/rclcpp/rclcpp.hpp:155[m[K,
[2.302s]                  from [01m[K/home/sourav/ROS2-Self-Driving-Robot/control/bumperbot_ws/src/bumperbot_controller/src/twist_republisher.cpp:1[m[K:
[2.302s] [01m[K/opt/ros/humble/include/rclcpp/rclcpp/clock.hpp:80:3:[m[K [01;36m[Knote: [m[K  in call to ‘[01m[Krclcpp::Time rclcpp::Clock::now()[m[K’
[2.302s]    80 |   [01;36m[Know[m[K();
[2.302s]       |   [01;36m[K^~~[m[K
[3.694s] gmake[2]: *** [CMakeFiles/twist_republisher.dir/build.make:76: CMakeFiles/twist_republisher.dir/src/twist_republisher.cpp.o] Error 1
[3.694s] gmake[1]: *** [CMakeFiles/Makefile2:196: CMakeFiles/twist_republisher.dir/all] Error 2
[3.694s] gmake: *** [Makefile:146: all] Error 2
[3.696s] Invoked command in '/home/sourav/ROS2-Self-Driving-Robot/control/bumperbot_ws/build/bumperbot_controller' returned '2': CMAKE_PREFIX_PATH=/opt/ros/humble /usr/bin/cmake --build /home/sourav/ROS2-Self-Driving-Robot/control/bumperbot_ws/build/bumperbot_controller -- -j16 -l16
