[0.018s] Invoking command in '/home/sourav/ROS2-Self-Driving-Robot/control/bumperbot_ws/build/bumperbot_controller': CMAKE_PREFIX_PATH=/opt/ros/humble /usr/bin/cmake --build /home/sourav/ROS2-Self-Driving-Robot/control/bumperbot_ws/build/bumperbot_controller -- -j16 -l16
[0.055s] [35m[1mConsolidate compiler generated dependencies of target simple_controller[0m
[0.061s] [  0%] Built target ament_cmake_python_copy_bumperbot_controller
[0.075s] [ 50%] [32mBuilding CXX object CMakeFiles/simple_controller.dir/src/simple_controller.cpp.o[0m
[0.271s] running egg_info
[0.271s] writing bumperbot_controller.egg-info/PKG-INFO
[0.272s] writing dependency_links to bumperbot_controller.egg-info/dependency_links.txt
[0.272s] writing top-level names to bumperbot_controller.egg-info/top_level.txt
[0.274s] reading manifest file 'bumperbot_controller.egg-info/SOURCES.txt'
[0.274s] writing manifest file 'bumperbot_controller.egg-info/SOURCES.txt'
[0.297s] [ 50%] Built target ament_cmake_python_build_bumperbot_controller_egg
[1.978s] In file included from [01m[K/home/sourav/ROS2-Self-Driving-Robot/control/bumperbot_ws/src/bumperbot_controller/src/simple_controller.cpp:1[m[K:
[1.978s] [01m[K/home/sourav/ROS2-Self-Driving-Robot/control/bumperbot_ws/src/bumperbot_controller/include/bumperbot_controller/simple_controller.hpp:30:12:[m[K [01;31m[Kerror: [m[Kredeclaration of ‘[01m[Kdouble SimpleController::wheel_separation_[m[K’
[1.978s]    30 |     double [01;31m[Kwheel_separation_[m[K;
[1.978s]       |            [01;31m[K^~~~~~~~~~~~~~~~~[m[K
[1.978s] [01m[K/home/sourav/ROS2-Self-Driving-Robot/control/bumperbot_ws/src/bumperbot_controller/include/bumperbot_controller/simple_controller.hpp:26:12:[m[K [01;36m[Knote: [m[Kprevious declaration ‘[01m[Kdouble SimpleController::wheel_separation_[m[K’
[1.978s]    26 |     double [01;36m[Kwheel_separation_[m[K;
[1.978s]       |            [01;36m[K^~~~~~~~~~~~~~~~~[m[K
[1.978s] [01m[K/home/sourav/ROS2-Self-Driving-Robot/control/bumperbot_ws/src/bumperbot_controller/include/bumperbot_controller/simple_controller.hpp:31:21:[m[K [01;31m[Kerror: [m[Kredeclaration of ‘[01m[KEigen::Matrix2d SimpleController::speed_conversion_[m[K’
[1.978s]    31 |     Eigen::Matrix2d [01;31m[Kspeed_conversion_[m[K;
[1.978s]       |                     [01;31m[K^~~~~~~~~~~~~~~~~[m[K
[1.978s] [01m[K/home/sourav/ROS2-Self-Driving-Robot/control/bumperbot_ws/src/bumperbot_controller/include/bumperbot_controller/simple_controller.hpp:27:21:[m[K [01;36m[Knote: [m[Kprevious declaration ‘[01m[KEigen::Matrix2d SimpleController::speed_conversion_[m[K’
[1.978s]    27 |     Eigen::Matrix2d [01;36m[Kspeed_conversion_[m[K;
[1.978s]       |                     [01;36m[K^~~~~~~~~~~~~~~~~[m[K
[2.092s] [01m[K/home/sourav/ROS2-Self-Driving-Robot/control/bumperbot_ws/src/bumperbot_controller/src/simple_controller.cpp:[m[K In member function ‘[01m[Kvoid SimpleController::jointCallback(const JointState&)[m[K’:
[2.092s] [01m[K/home/sourav/ROS2-Self-Driving-Robot/control/bumperbot_ws/src/bumperbot_controller/src/simple_controller.cpp:51:3:[m[K [01;31m[Kerror: [m[K‘[01m[Kleft_Wheel_prev_pos_[m[K’ was not declared in this scope; did you mean ‘[01m[Kleft_wheel_prev_pos_[m[K’?
[2.092s]    51 |   [01;31m[Kleft_Wheel_prev_pos_[m[K = msg.position.at(1);
[2.092s]       |   [01;31m[K^~~~~~~~~~~~~~~~~~~~[m[K
[2.092s]       |   [32m[Kleft_wheel_prev_pos_[m[K
[3.961s] gmake[2]: *** [CMakeFiles/simple_controller.dir/build.make:76: CMakeFiles/simple_controller.dir/src/simple_controller.cpp.o] Error 1
[3.961s] gmake[1]: *** [CMakeFiles/Makefile2:140: CMakeFiles/simple_controller.dir/all] Error 2
[3.961s] gmake: *** [Makefile:146: all] Error 2
[3.964s] Invoked command in '/home/sourav/ROS2-Self-Driving-Robot/control/bumperbot_ws/build/bumperbot_controller' returned '2': CMAKE_PREFIX_PATH=/opt/ros/humble /usr/bin/cmake --build /home/sourav/ROS2-Self-Driving-Robot/control/bumperbot_ws/build/bumperbot_controller -- -j16 -l16
