[0.009s] Invoking command in '/home/sourav/ROS2-Self-Driving-Robot/control/bumperbot_ws/build/bumperbot_cpp_examples': AMENT_PREFIX_PATH=/home/sourav/ROS2-Self-Driving-Robot/control/bumperbot_ws/install/bumperbot_msgs:${AMENT_PREFIX_PATH} CMAKE_PREFIX_PATH=/home/sourav/ROS2-Self-Driving-Robot/control/bumperbot_ws/install/bumperbot_msgs:/opt/ros/humble LD_LIBRARY_PATH=/home/sourav/ROS2-Self-Driving-Robot/control/bumperbot_ws/install/bumperbot_msgs/lib:${LD_LIBRARY_PATH} PYTHONPATH=/home/sourav/ROS2-Self-Driving-Robot/control/bumperbot_ws/install/bumperbot_msgs/local/lib/python3.10/dist-packages:${PYTHONPATH} /usr/bin/cmake --build /home/sourav/ROS2-Self-Driving-Robot/control/bumperbot_ws/build/bumperbot_cpp_examples -- -j16 -l16
[0.027s] -- Found ament_cmake: 1.3.10 (/opt/ros/humble/share/ament_cmake/cmake)
[0.111s] -- Found rclcpp: 16.0.10 (/opt/ros/humble/share/rclcpp/cmake)
[0.129s] -- Found rosidl_generator_c: 3.1.5 (/opt/ros/humble/share/rosidl_generator_c/cmake)
[0.131s] -- Found rosidl_adapter: 3.1.5 (/opt/ros/humble/share/rosidl_adapter/cmake)
[0.135s] -- Found rosidl_generator_cpp: 3.1.5 (/opt/ros/humble/share/rosidl_generator_cpp/cmake)
[0.141s] -- Using all available rosidl_typesupport_c: rosidl_typesupport_fastrtps_c;rosidl_typesupport_introspection_c
[0.148s] -- Using all available rosidl_typesupport_cpp: rosidl_typesupport_fastrtps_cpp;rosidl_typesupport_introspection_cpp
[0.169s] -- Found rmw_implementation_cmake: 6.1.2 (/opt/ros/humble/share/rmw_implementation_cmake/cmake)
[0.170s] -- Found rmw_fastrtps_cpp: 6.2.7 (/opt/ros/humble/share/rmw_fastrtps_cpp/cmake)
[0.272s] -- Using RMW implementation 'rmw_fastrtps_cpp' as default
[0.315s] -- Found turtlesim: 1.4.2 (/opt/ros/humble/share/turtlesim/cmake)
[0.339s] -- Found geometry_msgs: 4.2.4 (/opt/ros/humble/share/geometry_msgs/cmake)
[0.347s] -- Found tf2_ros: 0.25.8 (/opt/ros/humble/share/tf2_ros/cmake)
[0.386s] -- Found bumperbot_msgs: 0.0.0 (/home/sourav/ROS2-Self-Driving-Robot/control/bumperbot_ws/install/bumperbot_msgs/share/bumperbot_msgs/cmake)
[0.397s] -- Found ament_lint_auto: 0.12.11 (/opt/ros/humble/share/ament_lint_auto/cmake)
[0.443s] -- Added test 'cppcheck' to perform static code analysis on C / C++ code
[0.443s] -- Configured cppcheck include dirs: /home/sourav/ROS2-Self-Driving-Robot/control/bumperbot_ws/src/bumperbot_cpp_examples/include
[0.443s] -- Configured cppcheck exclude dirs and/or files: 
[0.443s] -- Added test 'lint_cmake' to check CMake code style
[0.444s] -- Added test 'uncrustify' to check C / C++ code style
[0.444s] -- Configured uncrustify additional arguments: 
[0.444s] -- Added test 'xmllint' to check XML markup files
[0.445s] -- Configuring done
[0.463s] -- Generating done
[0.464s] -- Build files have been written to: /home/sourav/ROS2-Self-Driving-Robot/control/bumperbot_ws/build/bumperbot_cpp_examples
[0.485s] [35m[1mConsolidate compiler generated dependencies of target simple_subscriber[0m
[0.486s] [35m[1mConsolidate compiler generated dependencies of target simple_service_server[0m
[0.488s] [35m[1mConsolidate compiler generated dependencies of target simple_parameter[0m
[0.488s] [35m[1mConsolidate compiler generated dependencies of target simple_publisher[0m
[0.488s] [35m[1mConsolidate compiler generated dependencies of target simple_turtlesim_kinematics[0m
[0.488s] [35m[1mConsolidate compiler generated dependencies of target simple_tf_kinematics[0m
[0.489s] [35m[1mConsolidate compiler generated dependencies of target simple_service_client[0m
[0.500s] [ 14%] Built target simple_service_server
[0.504s] [ 28%] Built target simple_subscriber
[0.505s] [ 50%] Built target simple_parameter
[0.505s] [ 57%] Built target simple_turtlesim_kinematics
[0.508s] [ 92%] [32mBuilding CXX object CMakeFiles/simple_tf_kinematics.dir/src/simple_tf_kinematics.cpp.o[0m
[0.508s] [ 92%] Built target simple_publisher
[0.508s] [ 92%] Built target simple_service_client
[0.653s] In file included from [01m[K/home/sourav/ROS2-Self-Driving-Robot/control/bumperbot_ws/src/bumperbot_cpp_examples/src/simple_tf_kinematics.cpp:1[m[K:
[0.653s] [01m[K/home/sourav/ROS2-Self-Driving-Robot/control/bumperbot_ws/src/bumperbot_cpp_examples/include/bumperbot_cpp_examples/simple_tf_kinematics.hpp:10:10:[m[K [01;31m[Kfatal error: [m[Kbumperbot_msgs/srv/get_transform.hpp: No such file or directory
[0.653s]    10 | #include [01;31m[K<bumperbot_msgs/srv/get_transform.hpp>[m[K
[0.653s]       |          [01;31m[K^~~~~~~~~~~~~~~~~~~~~~~~~~~~~~~~~~~~~~[m[K
[0.653s] compilation terminated.
[0.655s] gmake[2]: *** [CMakeFiles/simple_tf_kinematics.dir/build.make:76: CMakeFiles/simple_tf_kinematics.dir/src/simple_tf_kinematics.cpp.o] Error 1
[0.655s] gmake[1]: *** [CMakeFiles/Makefile2:253: CMakeFiles/simple_tf_kinematics.dir/all] Error 2
[0.655s] gmake: *** [Makefile:146: all] Error 2
[0.658s] Invoked command in '/home/sourav/ROS2-Self-Driving-Robot/control/bumperbot_ws/build/bumperbot_cpp_examples' returned '2': AMENT_PREFIX_PATH=/home/sourav/ROS2-Self-Driving-Robot/control/bumperbot_ws/install/bumperbot_msgs:${AMENT_PREFIX_PATH} CMAKE_PREFIX_PATH=/home/sourav/ROS2-Self-Driving-Robot/control/bumperbot_ws/install/bumperbot_msgs:/opt/ros/humble LD_LIBRARY_PATH=/home/sourav/ROS2-Self-Driving-Robot/control/bumperbot_ws/install/bumperbot_msgs/lib:${LD_LIBRARY_PATH} PYTHONPATH=/home/sourav/ROS2-Self-Driving-Robot/control/bumperbot_ws/install/bumperbot_msgs/local/lib/python3.10/dist-packages:${PYTHONPATH} /usr/bin/cmake --build /home/sourav/ROS2-Self-Driving-Robot/control/bumperbot_ws/build/bumperbot_cpp_examples -- -j16 -l16
