[0.020s] Invoking command in '/home/sourav/ROS2-Self-Driving-Robot/control/bumperbot_ws/build/bumperbot_localization': CMAKE_PREFIX_PATH=/opt/ros/humble /usr/bin/cmake /home/sourav/ROS2-Self-Driving-Robot/control/bumperbot_ws/src/bumperbot_localization -DCMAKE_INSTALL_PREFIX=/home/sourav/ROS2-Self-Driving-Robot/control/bumperbot_ws/install/bumperbot_localization
[0.150s] -- The C compiler identification is GNU 11.4.0
[0.242s] -- The CXX compiler identification is GNU 11.4.0
[0.252s] -- Detecting C compiler ABI info
[0.315s] -- Detecting C compiler ABI info - done
[0.320s] -- Check for working C compiler: /usr/bin/cc - skipped
[0.320s] -- Detecting C compile features
[0.321s] -- Detecting C compile features - done
[0.325s] -- Detecting CXX compiler ABI info
[0.386s] -- Detecting CXX compiler ABI info - done
[0.390s] -- Check for working CXX compiler: /usr/bin/c++ - skipped
[0.390s] -- Detecting CXX compile features
[0.390s] -- Detecting CXX compile features - done
[0.392s] -- Found ament_cmake: 1.3.10 (/opt/ros/humble/share/ament_cmake/cmake)
[0.512s] -- Found Python3: /usr/bin/python3 (found version "3.10.12") found components: Interpreter 
[0.618s] [31mCMake Error at CMakeLists.txt:11 (find_package):
[0.618s]   By not providing "Findrclpy_.cmake" in CMAKE_MODULE_PATH this project has
[0.619s]   asked CMake to find a package configuration file provided by "rclpy_", but
[0.619s]   CMake did not find one.
[0.619s] 
[0.619s]   Could not find a package configuration file provided by "rclpy_" with any
[0.619s]   of the following names:
[0.619s] 
[0.619s]     rclpy_Config.cmake
[0.619s]     rclpy_-config.cmake
[0.619s] 
[0.619s]   Add the installation prefix of "rclpy_" to CMAKE_PREFIX_PATH or set
[0.619s]   "rclpy__DIR" to a directory containing one of the above files.  If "rclpy_"
[0.619s]   provides a separate development package or SDK, be sure it has been
[0.619s]   installed.
[0.619s] 
[0.619s] [0m
[0.619s] -- Configuring incomplete, errors occurred!
[0.619s] See also "/home/sourav/ROS2-Self-Driving-Robot/control/bumperbot_ws/build/bumperbot_localization/CMakeFiles/CMakeOutput.log".
[0.663s] Invoked command in '/home/sourav/ROS2-Self-Driving-Robot/control/bumperbot_ws/build/bumperbot_localization' returned '1': CMAKE_PREFIX_PATH=/opt/ros/humble /usr/bin/cmake /home/sourav/ROS2-Self-Driving-Robot/control/bumperbot_ws/src/bumperbot_localization -DCMAKE_INSTALL_PREFIX=/home/sourav/ROS2-Self-Driving-Robot/control/bumperbot_ws/install/bumperbot_localization
