[0.015s] Invoking command in '/home/sourav/ROS2-Self-Driving-Robot/control/bumperbot_ws/build/bumperbot_controller': CMAKE_PREFIX_PATH=/opt/ros/humble /usr/bin/cmake --build /home/sourav/ROS2-Self-Driving-Robot/control/bumperbot_ws/build/bumperbot_controller -- -j16 -l16
[0.054s] [35m[1mConsolidate compiler generated dependencies of target simple_controller[0m
[0.073s] [  0%] Built target ament_cmake_python_copy_bumperbot_controller
[0.081s] [ 50%] [32mBuilding CXX object CMakeFiles/simple_controller.dir/src/simple_controller.cpp.o[0m
[0.283s] running egg_info
[0.283s] writing bumperbot_controller.egg-info/PKG-INFO
[0.284s] writing dependency_links to bumperbot_controller.egg-info/dependency_links.txt
[0.284s] writing top-level names to bumperbot_controller.egg-info/top_level.txt
[0.285s] reading manifest file 'bumperbot_controller.egg-info/SOURCES.txt'
[0.286s] writing manifest file 'bumperbot_controller.egg-info/SOURCES.txt'
[0.308s] [ 50%] Built target ament_cmake_python_build_bumperbot_controller_egg
[2.100s] [01m[K/home/sourav/ROS2-Self-Driving-Robot/control/bumperbot_ws/src/bumperbot_controller/src/simple_controller.cpp:[m[K In member function ‘[01m[Kvoid SimpleController::jointCallback(const JointState&)[m[K’:
[2.100s] [01m[K/home/sourav/ROS2-Self-Driving-Robot/control/bumperbot_ws/src/bumperbot_controller/src/simple_controller.cpp:51:3:[m[K [01;31m[Kerror: [m[K‘[01m[Kleft_Wheel_prev_pos_[m[K’ was not declared in this scope; did you mean ‘[01m[Kleft_wheel_prev_pos_[m[K’?
[2.100s]    51 |   [01;31m[Kleft_Wheel_prev_pos_[m[K = msg.position.at(1);
[2.100s]       |   [01;31m[K^~~~~~~~~~~~~~~~~~~~[m[K
[2.100s]       |   [32m[Kleft_wheel_prev_pos_[m[K
[3.974s] gmake[2]: *** [CMakeFiles/simple_controller.dir/build.make:76: CMakeFiles/simple_controller.dir/src/simple_controller.cpp.o] Error 1
[3.975s] gmake[1]: *** [CMakeFiles/Makefile2:140: CMakeFiles/simple_controller.dir/all] Error 2
[3.975s] gmake: *** [Makefile:146: all] Error 2
[3.977s] Invoked command in '/home/sourav/ROS2-Self-Driving-Robot/control/bumperbot_ws/build/bumperbot_controller' returned '2': CMAKE_PREFIX_PATH=/opt/ros/humble /usr/bin/cmake --build /home/sourav/ROS2-Self-Driving-Robot/control/bumperbot_ws/build/bumperbot_controller -- -j16 -l16
