[0.018s] Invoking command in '/home/sourav/ROS2-Self-Driving-Robot/control/bumperbot_ws/build/bumperbot_msgs': CMAKE_PREFIX_PATH=/opt/ros/humble /usr/bin/cmake --build /home/sourav/ROS2-Self-Driving-Robot/control/bumperbot_ws/build/bumperbot_msgs -- -j16 -l16
[0.062s] [  2%] Built target bumperbot_msgs__cpp
[0.064s] [ 12%] Built target bumperbot_msgs__rosidl_generator_c
[0.070s] [ 12%] Built target ament_cmake_python_copy_bumperbot_msgs
[0.083s] [ 33%] Built target bumperbot_msgs__rosidl_typesupport_fastrtps_c
[0.083s] [ 33%] Built target bumperbot_msgs__rosidl_typesupport_introspection_cpp
[0.083s] [ 43%] Built target bumperbot_msgs__rosidl_typesupport_cpp
[0.084s] [ 53%] Built target bumperbot_msgs__rosidl_typesupport_introspection_c
[0.087s] [ 64%] Built target bumperbot_msgs__rosidl_typesupport_fastrtps_cpp
[0.092s] [ 74%] Built target bumperbot_msgs__rosidl_typesupport_c
[0.109s] [ 74%] Built target bumperbot_msgs
[0.133s] [ 76%] Built target bumperbot_msgs__py
[0.152s] [ 84%] Built target bumperbot_msgs__rosidl_generator_py
[0.171s] [ 89%] Built target bumperbot_msgs__rosidl_typesupport_fastrtps_c__pyext
[0.174s] [ 94%] Built target bumperbot_msgs__rosidl_typesupport_introspection_c__pyext
[0.175s] [100%] Built target bumperbot_msgs__rosidl_typesupport_c__pyext
[0.304s] running egg_info
[0.304s] writing bumperbot_msgs.egg-info/PKG-INFO
[0.304s] writing dependency_links to bumperbot_msgs.egg-info/dependency_links.txt
[0.305s] writing top-level names to bumperbot_msgs.egg-info/top_level.txt
[0.306s] reading manifest file 'bumperbot_msgs.egg-info/SOURCES.txt'
[0.306s] writing manifest file 'bumperbot_msgs.egg-info/SOURCES.txt'
[0.329s] [100%] Built target ament_cmake_python_build_bumperbot_msgs_egg
[0.341s] Invoked command in '/home/sourav/ROS2-Self-Driving-Robot/control/bumperbot_ws/build/bumperbot_msgs' returned '0': CMAKE_PREFIX_PATH=/opt/ros/humble /usr/bin/cmake --build /home/sourav/ROS2-Self-Driving-Robot/control/bumperbot_ws/build/bumperbot_msgs -- -j16 -l16
