[0.013s] Invoking command in '/home/sourav/ROS2-Self-Driving-Robot/control/bumperbot_ws/build/bumperbot_controller': CMAKE_PREFIX_PATH=/opt/ros/humble /usr/bin/cmake --build /home/sourav/ROS2-Self-Driving-Robot/control/bumperbot_ws/build/bumperbot_controller -- -j16 -l16
[0.038s] [35m[1mConsolidate compiler generated dependencies of target simple_controller[0m
[0.049s] [  0%] Built target ament_cmake_python_copy_bumperbot_controller
[0.049s] [ 50%] [32mBuilding CXX object CMakeFiles/simple_controller.dir/src/simple_controller.cpp.o[0m
[0.372s] running egg_info
[0.373s] writing bumperbot_controller.egg-info/PKG-INFO
[0.373s] writing dependency_links to bumperbot_controller.egg-info/dependency_links.txt
[0.373s] writing top-level names to bumperbot_controller.egg-info/top_level.txt
[0.374s] reading manifest file 'bumperbot_controller.egg-info/SOURCES.txt'
[0.375s] writing manifest file 'bumperbot_controller.egg-info/SOURCES.txt'
[0.410s] [ 50%] Built target ament_cmake_python_build_bumperbot_controller_egg
[2.261s] [01m[K/home/sourav/ROS2-Self-Driving-Robot/control/bumperbot_ws/src/bumperbot_controller/src/simple_controller.cpp:[m[K In member function ‘[01m[Kvoid SimpleController::jointCallback(const JointState&)[m[K’:
[2.262s] [01m[K/home/sourav/ROS2-Self-Driving-Robot/control/bumperbot_ws/src/bumperbot_controller/src/simple_controller.cpp:57:16:[m[K [01;31m[Kerror: [m[K‘[01m[Kros_clock[m[K’ was not declared in this scope; did you mean ‘[01m[Kget_clock[m[K’?
[2.262s]    57 |   prev_time_ = [01;31m[Kros_clock[m[K->now();
[2.262s]       |                [01;31m[K^~~~~~~~~[m[K
[2.262s]       |                [32m[Kget_clock[m[K
[4.086s] gmake[2]: *** [CMakeFiles/simple_controller.dir/build.make:76: CMakeFiles/simple_controller.dir/src/simple_controller.cpp.o] Error 1
[4.086s] gmake[1]: *** [CMakeFiles/Makefile2:140: CMakeFiles/simple_controller.dir/all] Error 2
[4.086s] gmake: *** [Makefile:146: all] Error 2
[4.088s] Invoked command in '/home/sourav/ROS2-Self-Driving-Robot/control/bumperbot_ws/build/bumperbot_controller' returned '2': CMAKE_PREFIX_PATH=/opt/ros/humble /usr/bin/cmake --build /home/sourav/ROS2-Self-Driving-Robot/control/bumperbot_ws/build/bumperbot_controller -- -j16 -l16
