[01m[K/home/sourav/ROS2-Self-Driving-Robot/control/bumperbot_ws/src/bumperbot_cpp_examples/src/simple_service_server.cpp:[m[K In constructor ‘[01m[KSimpleServiceServer::SimpleServiceServer()[m[K’:
[01m[K/home/sourav/ROS2-Self-Driving-Robot/control/bumperbot_ws/src/bumperbot_cpp_examples/src/simple_service_server.cpp:12:49:[m[K [01;31m[Kerror: [m[K‘[01m[KserviceCallback[m[K’ is not a member of ‘[01m[KSimpleServiceServer[m[K’
   12 |                 std::bind(&SimpleServiceServer::[01;31m[KserviceCallback[m[K, this, _1, _2));
      |                                                 [01;31m[K^~~~~~~~~~~~~~~[m[K
[01m[K/home/sourav/ROS2-Self-Driving-Robot/control/bumperbot_ws/src/bumperbot_cpp_examples/src/simple_service_server.cpp:[m[K In member function ‘[01m[Kvoid SimpleServiceServer::seviceCallback(std::shared_ptr<bumperbot_msgs::srv::AddTwoInts_Request_<std::allocator<void> > >, std::shared_ptr<bumperbot_msgs::srv::AddTwoInts_Request_<std::allocator<void> > >)[m[K’:
[01m[K/home/sourav/ROS2-Self-Driving-Robot/control/bumperbot_ws/src/bumperbot_cpp_examples/src/simple_service_server.cpp:25:18:[m[K [01;31m[Kerror: [m[K‘[01m[Kusing element_type = struct bumperbot_msgs::srv::AddTwoInts_Request_<std::allocator<void> >[m[K’ {aka ‘[01m[Kstruct bumperbot_msgs::srv::AddTwoInts_Request_<std::allocator<void> >[m[K’} has no member named ‘[01m[Ksum[m[K’
   25 |             res->[01;31m[Ksum[m[K = req->a + req->b;
      |                  [01;31m[K^~~[m[K
In file included from [01m[K/opt/ros/humble/include/rclcpp/rclcpp/client.hpp:40[m[K,
                 from [01m[K/opt/ros/humble/include/rclcpp/rclcpp/callback_group.hpp:24[m[K,
                 from [01m[K/opt/ros/humble/include/rclcpp/rclcpp/any_executable.hpp:20[m[K,
                 from [01m[K/opt/ros/humble/include/rclcpp/rclcpp/memory_strategy.hpp:25[m[K,
                 from [01m[K/opt/ros/humble/include/rclcpp/rclcpp/memory_strategies.hpp:18[m[K,
                 from [01m[K/opt/ros/humble/include/rclcpp/rclcpp/executor_options.hpp:20[m[K,
                 from [01m[K/opt/ros/humble/include/rclcpp/rclcpp/executor.hpp:37[m[K,
                 from [01m[K/opt/ros/humble/include/rclcpp/rclcpp/executors/multi_threaded_executor.hpp:25[m[K,
                 from [01m[K/opt/ros/humble/include/rclcpp/rclcpp/executors.hpp:21[m[K,
                 from [01m[K/opt/ros/humble/include/rclcpp/rclcpp/rclcpp.hpp:155[m[K,
                 from [01m[K/home/sourav/ROS2-Self-Driving-Robot/control/bumperbot_ws/src/bumperbot_cpp_examples/src/simple_service_server.cpp:1[m[K:
[01m[K/home/sourav/ROS2-Self-Driving-Robot/control/bumperbot_ws/src/bumperbot_cpp_examples/src/simple_service_server.cpp:26:71:[m[K [01;31m[Kerror: [m[K‘[01m[Kusing element_type = struct bumperbot_msgs::srv::AddTwoInts_Request_<std::allocator<void> >[m[K’ {aka ‘[01m[Kstruct bumperbot_msgs::srv::AddTwoInts_Request_<std::allocator<void> >[m[K’} has no member named ‘[01m[Ksum[m[K’
   26 |             RCLCPP_INFO_STREAM(get_logger(), "Response sum: " << res->[01;31m[Ksum[m[K);
      |                                                                       [01;31m[K^~~[m[K
gmake[2]: *** [CMakeFiles/simple_service_server.dir/build.make:76: CMakeFiles/simple_service_server.dir/src/simple_service_server.cpp.o] Error 1
gmake[1]: *** [CMakeFiles/Makefile2:277: CMakeFiles/simple_service_server.dir/all] Error 2
gmake[1]: *** Waiting for unfinished jobs....
gmake: *** [Makefile:146: all] Error 2
