[0.006s] Invoking command in '/home/sourav/ROS2-Self-Driving-Robot/control/bumperbot_ws/build/bumperbot_cpp_examples': AMENT_PREFIX_PATH=/home/sourav/ROS2-Self-Driving-Robot/control/bumperbot_ws/install/bumperbot_msgs:${AMENT_PREFIX_PATH} CMAKE_PREFIX_PATH=/home/sourav/ROS2-Self-Driving-Robot/control/bumperbot_ws/install/bumperbot_msgs:/opt/ros/humble LD_LIBRARY_PATH=/home/sourav/ROS2-Self-Driving-Robot/control/bumperbot_ws/install/bumperbot_msgs/lib:${LD_LIBRARY_PATH} PYTHONPATH=/home/sourav/ROS2-Self-Driving-Robot/control/bumperbot_ws/install/bumperbot_msgs/local/lib/python3.10/dist-packages:${PYTHONPATH} /usr/bin/cmake --build /home/sourav/ROS2-Self-Driving-Robot/control/bumperbot_ws/build/bumperbot_cpp_examples -- -j16 -l16
[0.024s] -- Found ament_cmake: 1.3.10 (/opt/ros/humble/share/ament_cmake/cmake)
[0.105s] -- Found rclcpp: 16.0.10 (/opt/ros/humble/share/rclcpp/cmake)
[0.122s] -- Found rosidl_generator_c: 3.1.5 (/opt/ros/humble/share/rosidl_generator_c/cmake)
[0.124s] -- Found rosidl_adapter: 3.1.5 (/opt/ros/humble/share/rosidl_adapter/cmake)
[0.127s] -- Found rosidl_generator_cpp: 3.1.5 (/opt/ros/humble/share/rosidl_generator_cpp/cmake)
[0.133s] -- Using all available rosidl_typesupport_c: rosidl_typesupport_fastrtps_c;rosidl_typesupport_introspection_c
[0.139s] -- Using all available rosidl_typesupport_cpp: rosidl_typesupport_fastrtps_cpp;rosidl_typesupport_introspection_cpp
[0.158s] -- Found rmw_implementation_cmake: 6.1.2 (/opt/ros/humble/share/rmw_implementation_cmake/cmake)
[0.159s] -- Found rmw_fastrtps_cpp: 6.2.7 (/opt/ros/humble/share/rmw_fastrtps_cpp/cmake)
[0.232s] -- Using RMW implementation 'rmw_fastrtps_cpp' as default
[0.260s] -- Found turtlesim: 1.4.2 (/opt/ros/humble/share/turtlesim/cmake)
[0.281s] -- Found geometry_msgs: 4.2.4 (/opt/ros/humble/share/geometry_msgs/cmake)
[0.288s] -- Found tf2_ros: 0.25.8 (/opt/ros/humble/share/tf2_ros/cmake)
[0.323s] -- Found bumperbot_msgs: 0.0.0 (/home/sourav/ROS2-Self-Driving-Robot/control/bumperbot_ws/install/bumperbot_msgs/share/bumperbot_msgs/cmake)
[0.333s] -- Found ament_lint_auto: 0.12.11 (/opt/ros/humble/share/ament_lint_auto/cmake)
[0.379s] -- Added test 'cppcheck' to perform static code analysis on C / C++ code
[0.379s] -- Configured cppcheck include dirs: /home/sourav/ROS2-Self-Driving-Robot/control/bumperbot_ws/src/bumperbot_cpp_examples/include
[0.379s] -- Configured cppcheck exclude dirs and/or files: 
[0.380s] -- Added test 'lint_cmake' to check CMake code style
[0.380s] -- Added test 'uncrustify' to check C / C++ code style
[0.381s] -- Configured uncrustify additional arguments: 
[0.381s] -- Added test 'xmllint' to check XML markup files
[0.382s] -- Configuring done
[0.398s] -- Generating done
[0.399s] -- Build files have been written to: /home/sourav/ROS2-Self-Driving-Robot/control/bumperbot_ws/build/bumperbot_cpp_examples
[0.420s] [35m[1mConsolidate compiler generated dependencies of target simple_turtlesim_kinematics[0m
[0.420s] [35m[1mConsolidate compiler generated dependencies of target simple_subscriber[0m
[0.421s] [35m[1mConsolidate compiler generated dependencies of target simple_publisher[0m
[0.421s] [35m[1mConsolidate compiler generated dependencies of target simple_parameter[0m
[0.422s] [35m[1mConsolidate compiler generated dependencies of target simple_tf_kinematics[0m
[0.431s] [ 16%] Built target simple_turtlesim_kinematics
[0.431s] [ 25%] [32mBuilding CXX object CMakeFiles/simple_service_server.dir/src/simple_service_server.cpp.o[0m
[0.434s] [ 41%] Built target simple_subscriber
[0.434s] [ 58%] Built target simple_parameter
[0.437s] [ 75%] Built target simple_publisher
[0.438s] [ 83%] [32mBuilding CXX object CMakeFiles/simple_tf_kinematics.dir/src/simple_tf_kinematics.cpp.o[0m
[1.763s] [01m[K/home/sourav/ROS2-Self-Driving-Robot/control/bumperbot_ws/src/bumperbot_cpp_examples/src/simple_service_server.cpp:[m[K In constructor ‘[01m[KSimpleServiceServer::SimpleServiceServer()[m[K’:
[1.763s] [01m[K/home/sourav/ROS2-Self-Driving-Robot/control/bumperbot_ws/src/bumperbot_cpp_examples/src/simple_service_server.cpp:12:49:[m[K [01;31m[Kerror: [m[K‘[01m[KserviceCallback[m[K’ is not a member of ‘[01m[KSimpleServiceServer[m[K’
[1.763s]    12 |                 std::bind(&SimpleServiceServer::[01;31m[KserviceCallback[m[K, this, _1, _2));
[1.763s]       |                                                 [01;31m[K^~~~~~~~~~~~~~~[m[K
[1.765s] [01m[K/home/sourav/ROS2-Self-Driving-Robot/control/bumperbot_ws/src/bumperbot_cpp_examples/src/simple_service_server.cpp:[m[K In member function ‘[01m[Kvoid SimpleServiceServer::seviceCallback(std::shared_ptr<bumperbot_msgs::srv::AddTwoInts_Request_<std::allocator<void> > >, std::shared_ptr<bumperbot_msgs::srv::AddTwoInts_Request_<std::allocator<void> > >)[m[K’:
[1.765s] [01m[K/home/sourav/ROS2-Self-Driving-Robot/control/bumperbot_ws/src/bumperbot_cpp_examples/src/simple_service_server.cpp:25:18:[m[K [01;31m[Kerror: [m[K‘[01m[Kusing element_type = struct bumperbot_msgs::srv::AddTwoInts_Request_<std::allocator<void> >[m[K’ {aka ‘[01m[Kstruct bumperbot_msgs::srv::AddTwoInts_Request_<std::allocator<void> >[m[K’} has no member named ‘[01m[Ksum[m[K’
[1.765s]    25 |             res->[01;31m[Ksum[m[K = req->a + req->b;
[1.765s]       |                  [01;31m[K^~~[m[K
[1.766s] In file included from [01m[K/opt/ros/humble/include/rclcpp/rclcpp/client.hpp:40[m[K,
[1.766s]                  from [01m[K/opt/ros/humble/include/rclcpp/rclcpp/callback_group.hpp:24[m[K,
[1.766s]                  from [01m[K/opt/ros/humble/include/rclcpp/rclcpp/any_executable.hpp:20[m[K,
[1.766s]                  from [01m[K/opt/ros/humble/include/rclcpp/rclcpp/memory_strategy.hpp:25[m[K,
[1.766s]                  from [01m[K/opt/ros/humble/include/rclcpp/rclcpp/memory_strategies.hpp:18[m[K,
[1.766s]                  from [01m[K/opt/ros/humble/include/rclcpp/rclcpp/executor_options.hpp:20[m[K,
[1.766s]                  from [01m[K/opt/ros/humble/include/rclcpp/rclcpp/executor.hpp:37[m[K,
[1.766s]                  from [01m[K/opt/ros/humble/include/rclcpp/rclcpp/executors/multi_threaded_executor.hpp:25[m[K,
[1.766s]                  from [01m[K/opt/ros/humble/include/rclcpp/rclcpp/executors.hpp:21[m[K,
[1.766s]                  from [01m[K/opt/ros/humble/include/rclcpp/rclcpp/rclcpp.hpp:155[m[K,
[1.766s]                  from [01m[K/home/sourav/ROS2-Self-Driving-Robot/control/bumperbot_ws/src/bumperbot_cpp_examples/src/simple_service_server.cpp:1[m[K:
[1.766s] [01m[K/home/sourav/ROS2-Self-Driving-Robot/control/bumperbot_ws/src/bumperbot_cpp_examples/src/simple_service_server.cpp:26:71:[m[K [01;31m[Kerror: [m[K‘[01m[Kusing element_type = struct bumperbot_msgs::srv::AddTwoInts_Request_<std::allocator<void> >[m[K’ {aka ‘[01m[Kstruct bumperbot_msgs::srv::AddTwoInts_Request_<std::allocator<void> >[m[K’} has no member named ‘[01m[Ksum[m[K’
[1.766s]    26 |             RCLCPP_INFO_STREAM(get_logger(), "Response sum: " << res->[01;31m[Ksum[m[K);
[1.766s]       |                                                                       [01;31m[K^~~[m[K
[2.006s] gmake[2]: *** [CMakeFiles/simple_service_server.dir/build.make:76: CMakeFiles/simple_service_server.dir/src/simple_service_server.cpp.o] Error 1
[2.006s] gmake[1]: *** [CMakeFiles/Makefile2:277: CMakeFiles/simple_service_server.dir/all] Error 2
[2.006s] gmake[1]: *** Waiting for unfinished jobs....
[2.852s] [ 91%] [32m[1mLinking CXX executable simple_tf_kinematics[0m
[2.968s] [ 91%] Built target simple_tf_kinematics
[2.969s] gmake: *** [Makefile:146: all] Error 2
[2.971s] Invoked command in '/home/sourav/ROS2-Self-Driving-Robot/control/bumperbot_ws/build/bumperbot_cpp_examples' returned '2': AMENT_PREFIX_PATH=/home/sourav/ROS2-Self-Driving-Robot/control/bumperbot_ws/install/bumperbot_msgs:${AMENT_PREFIX_PATH} CMAKE_PREFIX_PATH=/home/sourav/ROS2-Self-Driving-Robot/control/bumperbot_ws/install/bumperbot_msgs:/opt/ros/humble LD_LIBRARY_PATH=/home/sourav/ROS2-Self-Driving-Robot/control/bumperbot_ws/install/bumperbot_msgs/lib:${LD_LIBRARY_PATH} PYTHONPATH=/home/sourav/ROS2-Self-Driving-Robot/control/bumperbot_ws/install/bumperbot_msgs/local/lib/python3.10/dist-packages:${PYTHONPATH} /usr/bin/cmake --build /home/sourav/ROS2-Self-Driving-Robot/control/bumperbot_ws/build/bumperbot_cpp_examples -- -j16 -l16
