[01m[K/home/sourav/ROS2-Self-Driving-Robot/control/bumperbot_ws/src/bumperbot_controller/src/simple_controller.cpp:[m[K In constructor ‘[01m[KSimpleController::SimpleController(const string&)[m[K’:
[01m[K/home/sourav/ROS2-Self-Driving-Robot/control/bumperbot_ws/src/bumperbot_controller/src/simple_controller.cpp:36:25:[m[K [01;31m[Kerror: [m[K‘[01m[Kusing _pose_type = struct geometry_msgs::msg::Pose_<std::allocator<void> >[m[K’ {aka ‘[01m[Kstruct geometry_msgs::msg::Pose_<std::allocator<void> >[m[K’} has no member named ‘[01m[Korentation[m[K’; did you mean ‘[01m[Korientation[m[K’?
   36 |     odom_msg_.pose.pose.[01;31m[Korentation[m[K.x = 0.0;
      |                         [01;31m[K^~~~~~~~~~[m[K
      |                         [32m[Korientation[m[K
[01m[K/home/sourav/ROS2-Self-Driving-Robot/control/bumperbot_ws/src/bumperbot_controller/src/simple_controller.cpp:37:25:[m[K [01;31m[Kerror: [m[K‘[01m[Kusing _pose_type = struct geometry_msgs::msg::Pose_<std::allocator<void> >[m[K’ {aka ‘[01m[Kstruct geometry_msgs::msg::Pose_<std::allocator<void> >[m[K’} has no member named ‘[01m[Korentation[m[K’; did you mean ‘[01m[Korientation[m[K’?
   37 |     odom_msg_.pose.pose.[01;31m[Korentation[m[K.y = 0.0;
      |                         [01;31m[K^~~~~~~~~~[m[K
      |                         [32m[Korientation[m[K
[01m[K/home/sourav/ROS2-Self-Driving-Robot/control/bumperbot_ws/src/bumperbot_controller/src/simple_controller.cpp:38:25:[m[K [01;31m[Kerror: [m[K‘[01m[Kusing _pose_type = struct geometry_msgs::msg::Pose_<std::allocator<void> >[m[K’ {aka ‘[01m[Kstruct geometry_msgs::msg::Pose_<std::allocator<void> >[m[K’} has no member named ‘[01m[Korentation[m[K’; did you mean ‘[01m[Korientation[m[K’?
   38 |     odom_msg_.pose.pose.[01;31m[Korentation[m[K.z = 0.0;
      |                         [01;31m[K^~~~~~~~~~[m[K
      |                         [32m[Korientation[m[K
[01m[K/home/sourav/ROS2-Self-Driving-Robot/control/bumperbot_ws/src/bumperbot_controller/src/simple_controller.cpp:39:25:[m[K [01;31m[Kerror: [m[K‘[01m[Kusing _pose_type = struct geometry_msgs::msg::Pose_<std::allocator<void> >[m[K’ {aka ‘[01m[Kstruct geometry_msgs::msg::Pose_<std::allocator<void> >[m[K’} has no member named ‘[01m[Korentation[m[K’; did you mean ‘[01m[Korientation[m[K’?
   39 |     odom_msg_.pose.pose.[01;31m[Korentation[m[K.w = 1.0;
      |                         [01;31m[K^~~~~~~~~~[m[K
      |                         [32m[Korientation[m[K
[01m[K/home/sourav/ROS2-Self-Driving-Robot/control/bumperbot_ws/src/bumperbot_controller/src/simple_controller.cpp:[m[K In member function ‘[01m[Kvoid SimpleController::jointCallback(const JointState&)[m[K’:
[01m[K/home/sourav/ROS2-Self-Driving-Robot/control/bumperbot_ws/src/bumperbot_controller/src/simple_controller.cpp:85:5:[m[K [01;31m[Kerror: [m[K‘[01m[Kclass tf2::Quaternion[m[K’ has no member named ‘[01m[KsetRYP[m[K’; did you mean ‘[01m[KsetRPY[m[K’?
   85 |   q.[01;31m[KsetRYP[m[K(0, 0, theta_);
      |     [01;31m[K^~~~~~[m[K
      |     [32m[KsetRPY[m[K
gmake[2]: *** [CMakeFiles/simple_controller.dir/build.make:76: CMakeFiles/simple_controller.dir/src/simple_controller.cpp.o] Error 1
gmake[1]: *** [CMakeFiles/Makefile2:140: CMakeFiles/simple_controller.dir/all] Error 2
gmake: *** [Makefile:146: all] Error 2
