[0.015s] Invoking command in '/home/sourav/ROS2-Self-Driving-Robot/control/bumperbot_ws/build/bumperbot_controller': CMAKE_PREFIX_PATH=/opt/ros/humble /usr/bin/cmake --build /home/sourav/ROS2-Self-Driving-Robot/control/bumperbot_ws/build/bumperbot_controller -- -j16 -l16
[0.045s] [35m[1mConsolidate compiler generated dependencies of target simple_controller[0m
[0.056s] [  0%] Built target ament_cmake_python_copy_bumperbot_controller
[0.061s] [ 50%] [32mBuilding CXX object CMakeFiles/simple_controller.dir/src/simple_controller.cpp.o[0m
[0.281s] running egg_info
[0.282s] writing bumperbot_controller.egg-info/PKG-INFO
[0.282s] writing dependency_links to bumperbot_controller.egg-info/dependency_links.txt
[0.282s] writing top-level names to bumperbot_controller.egg-info/top_level.txt
[0.284s] reading manifest file 'bumperbot_controller.egg-info/SOURCES.txt'
[0.284s] writing manifest file 'bumperbot_controller.egg-info/SOURCES.txt'
[0.312s] [ 50%] Built target ament_cmake_python_build_bumperbot_controller_egg
[2.195s] [01m[K/home/sourav/ROS2-Self-Driving-Robot/control/bumperbot_ws/src/bumperbot_controller/src/simple_controller.cpp:[m[K In constructor ‘[01m[KSimpleController::SimpleController(const string&)[m[K’:
[2.195s] [01m[K/home/sourav/ROS2-Self-Driving-Robot/control/bumperbot_ws/src/bumperbot_controller/src/simple_controller.cpp:9:70:[m[K [01;31m[Kerror: [m[K‘[01m[Kclass rclcpp::NodeOptions[m[K’ has no member named ‘[01m[Kclock_type[m[K’
[2.195s]     9 |     : Node(name, rclcpp::NodeOptions().use_intra_process_comms(true).[01;31m[Kclock_type[m[K(RCL_ROS_TIME)))
[2.195s]       |                                                                      [01;31m[K^~~~~~~~~~[m[K
[2.195s] [01m[K/home/sourav/ROS2-Self-Driving-Robot/control/bumperbot_ws/src/bumperbot_controller/src/simple_controller.cpp:9:95:[m[K [01;31m[Kerror: [m[Kexpected ‘[01m[K{[m[K’ before ‘[01m[K)[m[K’ token
[2.196s]     9 |     : Node(name, rclcpp::NodeOptions().use_intra_process_comms(true).clock_type(RCL_ROS_TIME))[01;31m[K)[m[K
[2.196s]       |                                                                                               [01;31m[K^[m[K
[2.196s] [01m[K/home/sourav/ROS2-Self-Driving-Robot/control/bumperbot_ws/src/bumperbot_controller/src/simple_controller.cpp:[m[K At global scope:
[2.196s] [01m[K/home/sourav/ROS2-Self-Driving-Robot/control/bumperbot_ws/src/bumperbot_controller/src/simple_controller.cpp:9:95:[m[K [01;31m[Kerror: [m[Kexpected unqualified-id before ‘[01m[K)[m[K’ token
[2.215s] [01m[K/home/sourav/ROS2-Self-Driving-Robot/control/bumperbot_ws/src/bumperbot_controller/src/simple_controller.cpp:[m[K In member function ‘[01m[Kvoid SimpleController::jointCallback(const JointState&)[m[K’:
[2.215s] [01m[K/home/sourav/ROS2-Self-Driving-Robot/control/bumperbot_ws/src/bumperbot_controller/src/simple_controller.cpp:50:72:[m[K [01;31m[Kerror: [m[K‘[01m[KClockType[m[K’ is not a member of ‘[01m[Krclcpp::Time[m[K’
[2.215s]    50 |   rclcpp::Time msg_time = rclcpp::Time(msg.header.stamp, rclcpp::Time::[01;31m[KClockType[m[K::RCL_ROS_TIME);
[2.215s]       |                                                                        [01;31m[K^~~~~~~~~[m[K
[2.649s] gmake[2]: *** [CMakeFiles/simple_controller.dir/build.make:76: CMakeFiles/simple_controller.dir/src/simple_controller.cpp.o] Error 1
[2.649s] gmake[1]: *** [CMakeFiles/Makefile2:140: CMakeFiles/simple_controller.dir/all] Error 2
[2.649s] gmake: *** [Makefile:146: all] Error 2
[2.651s] Invoked command in '/home/sourav/ROS2-Self-Driving-Robot/control/bumperbot_ws/build/bumperbot_controller' returned '2': CMAKE_PREFIX_PATH=/opt/ros/humble /usr/bin/cmake --build /home/sourav/ROS2-Self-Driving-Robot/control/bumperbot_ws/build/bumperbot_controller -- -j16 -l16
