[0.016s] Invoking command in '/home/sourav/ROS2-Self-Driving-Robot/control/bumperbot_ws/build/bumperbot_msgs': CMAKE_PREFIX_PATH=/opt/ros/humble /usr/bin/cmake --build /home/sourav/ROS2-Self-Driving-Robot/control/bumperbot_ws/build/bumperbot_msgs -- -j16 -l16
[0.057s] [  5%] Built target bumperbot_msgs__cpp
[0.057s] [ 12%] Built target bumperbot_msgs__rosidl_generator_c
[0.065s] [35m[1mConsolidate compiler generated dependencies of target bumperbot_msgs__rosidl_typesupport_fastrtps_cpp[0m
[0.067s] [35m[1mConsolidate compiler generated dependencies of target bumperbot_msgs__rosidl_typesupport_cpp[0m
[0.068s] [ 12%] Built target ament_cmake_python_copy_bumperbot_msgs
[0.071s] [35m[1mConsolidate compiler generated dependencies of target bumperbot_msgs__rosidl_typesupport_introspection_cpp[0m
[0.077s] [ 25%] Built target bumperbot_msgs__rosidl_typesupport_fastrtps_cpp
[0.077s] [ 33%] Built target bumperbot_msgs__rosidl_typesupport_introspection_c
[0.078s] [35m[1mConsolidate compiler generated dependencies of target bumperbot_msgs__rosidl_typesupport_fastrtps_c[0m
[0.078s] [ 43%] Built target bumperbot_msgs__rosidl_typesupport_c
[0.079s] [ 53%] Built target bumperbot_msgs__rosidl_typesupport_cpp
[0.082s] [ 64%] Built target bumperbot_msgs__rosidl_typesupport_introspection_cpp
[0.088s] [ 74%] Built target bumperbot_msgs__rosidl_typesupport_fastrtps_c
[0.105s] [ 74%] Built target bumperbot_msgs
[0.126s] [ 76%] Built target bumperbot_msgs__py
[0.139s] [35m[1mConsolidate compiler generated dependencies of target bumperbot_msgs__rosidl_generator_py[0m
[0.152s] [ 84%] Built target bumperbot_msgs__rosidl_generator_py
[0.162s] [35m[1mConsolidate compiler generated dependencies of target bumperbot_msgs__rosidl_typesupport_c__pyext[0m
[0.164s] [35m[1mConsolidate compiler generated dependencies of target bumperbot_msgs__rosidl_typesupport_fastrtps_c__pyext[0m
[0.164s] [35m[1mConsolidate compiler generated dependencies of target bumperbot_msgs__rosidl_typesupport_introspection_c__pyext[0m
[0.175s] [ 89%] Built target bumperbot_msgs__rosidl_typesupport_c__pyext
[0.176s] [ 94%] Built target bumperbot_msgs__rosidl_typesupport_fastrtps_c__pyext
[0.179s] [100%] Built target bumperbot_msgs__rosidl_typesupport_introspection_c__pyext
[0.244s] running egg_info
[0.244s] writing bumperbot_msgs.egg-info/PKG-INFO
[0.244s] writing dependency_links to bumperbot_msgs.egg-info/dependency_links.txt
[0.244s] writing top-level names to bumperbot_msgs.egg-info/top_level.txt
[0.246s] reading manifest file 'bumperbot_msgs.egg-info/SOURCES.txt'
[0.246s] writing manifest file 'bumperbot_msgs.egg-info/SOURCES.txt'
[0.269s] [100%] Built target ament_cmake_python_build_bumperbot_msgs_egg
