[0.017s] Invoking command in '/home/sourav/ROS2-Self-Driving-Robot/control/bumperbot_ws/build/bumperbot_controller': CMAKE_PREFIX_PATH=/opt/ros/humble /usr/bin/cmake --build /home/sourav/ROS2-Self-Driving-Robot/control/bumperbot_ws/build/bumperbot_controller -- -j16 -l16
[0.048s] [35m[1mConsolidate compiler generated dependencies of target simple_controller[0m
[0.059s] [  0%] Built target ament_cmake_python_copy_bumperbot_controller
[0.067s] [ 50%] [32mBuilding CXX object CMakeFiles/simple_controller.dir/src/simple_controller.cpp.o[0m
[0.423s] running egg_info
[0.425s] writing bumperbot_controller.egg-info/PKG-INFO
[0.425s] writing dependency_links to bumperbot_controller.egg-info/dependency_links.txt
[0.425s] writing top-level names to bumperbot_controller.egg-info/top_level.txt
[0.431s] reading manifest file 'bumperbot_controller.egg-info/SOURCES.txt'
[0.431s] writing manifest file 'bumperbot_controller.egg-info/SOURCES.txt'
[0.482s] [ 50%] Built target ament_cmake_python_build_bumperbot_controller_egg
[2.288s] [01m[K/home/sourav/ROS2-Self-Driving-Robot/control/bumperbot_ws/src/bumperbot_controller/src/simple_controller.cpp:[m[K In constructor ‘[01m[KSimpleController::SimpleController(const string&)[m[K’:
[2.288s] [01m[K/home/sourav/ROS2-Self-Driving-Robot/control/bumperbot_ws/src/bumperbot_controller/src/simple_controller.cpp:15:11:[m[K [01;31m[Kerror: [m[K‘[01m[Kclass SimpleController[m[K’ has no member named ‘[01m[Kset_clock[m[K’; did you mean ‘[01m[Kget_clock[m[K’?
[2.288s]    15 |     this->[01;31m[Kset_clock[m[K(ros_clock);
[2.288s]       |           [01;31m[K^~~~~~~~~[m[K
[2.288s]       |           [32m[Kget_clock[m[K
[4.223s] gmake[2]: *** [CMakeFiles/simple_controller.dir/build.make:76: CMakeFiles/simple_controller.dir/src/simple_controller.cpp.o] Error 1
[4.224s] gmake[1]: *** [CMakeFiles/Makefile2:140: CMakeFiles/simple_controller.dir/all] Error 2
[4.224s] gmake: *** [Makefile:146: all] Error 2
[4.226s] Invoked command in '/home/sourav/ROS2-Self-Driving-Robot/control/bumperbot_ws/build/bumperbot_controller' returned '2': CMAKE_PREFIX_PATH=/opt/ros/humble /usr/bin/cmake --build /home/sourav/ROS2-Self-Driving-Robot/control/bumperbot_ws/build/bumperbot_controller -- -j16 -l16
