[0.016s] Invoking command in '/home/sourav/ROS2-Self-Driving-Robot/control/bumperbot_ws/build/bumperbot_controller': CMAKE_PREFIX_PATH=/opt/ros/humble /usr/bin/cmake --build /home/sourav/ROS2-Self-Driving-Robot/control/bumperbot_ws/build/bumperbot_controller -- -j16 -l16
[0.038s] -- Found ament_cmake: 1.3.10 (/opt/ros/humble/share/ament_cmake/cmake)
[0.183s] -- Found rclcpp: 16.0.10 (/opt/ros/humble/share/rclcpp/cmake)
[0.204s] -- Found rosidl_generator_c: 3.1.5 (/opt/ros/humble/share/rosidl_generator_c/cmake)
[0.205s] -- Found rosidl_adapter: 3.1.5 (/opt/ros/humble/share/rosidl_adapter/cmake)
[0.210s] -- Found rosidl_generator_cpp: 3.1.5 (/opt/ros/humble/share/rosidl_generator_cpp/cmake)
[0.216s] -- Using all available rosidl_typesupport_c: rosidl_typesupport_fastrtps_c;rosidl_typesupport_introspection_c
[0.225s] -- Using all available rosidl_typesupport_cpp: rosidl_typesupport_fastrtps_cpp;rosidl_typesupport_introspection_cpp
[0.247s] -- Found rmw_implementation_cmake: 6.1.2 (/opt/ros/humble/share/rmw_implementation_cmake/cmake)
[0.248s] -- Found rmw_fastrtps_cpp: 6.2.7 (/opt/ros/humble/share/rmw_fastrtps_cpp/cmake)
[0.331s] -- Using RMW implementation 'rmw_fastrtps_cpp' as default
[0.366s] -- Found rclpy: 3.3.14 (/opt/ros/humble/share/rclpy/cmake)
[0.366s] -- Found geometry_msgs: 4.2.4 (/opt/ros/humble/share/geometry_msgs/cmake)
[0.375s] -- Found sensor_msgs: 4.2.4 (/opt/ros/humble/share/sensor_msgs/cmake)
[0.387s] -- Found nav_msgs: 4.2.4 (/opt/ros/humble/share/nav_msgs/cmake)
[0.402s] -- Found tf2: 0.25.8 (/opt/ros/humble/share/tf2/cmake)
[0.407s] -- Found tf2_ros: 0.25.8 (/opt/ros/humble/share/tf2_ros/cmake)
[0.505s] -- Found ament_lint_auto: 0.12.11 (/opt/ros/humble/share/ament_lint_auto/cmake)
[0.557s] -- Added test 'cppcheck' to perform static code analysis on C / C++ code
[0.557s] -- Configured cppcheck include dirs: /home/sourav/ROS2-Self-Driving-Robot/control/bumperbot_ws/src/bumperbot_controller/include
[0.557s] -- Configured cppcheck exclude dirs and/or files: 
[0.557s] -- Added test 'flake8' to check Python code syntax and style conventions
[0.557s] -- Added test 'lint_cmake' to check CMake code style
[0.558s] -- Added test 'pep257' to check Python code against some of the docstring style conventions in PEP 257
[0.558s] -- Added test 'uncrustify' to check C / C++ code style
[0.558s] -- Configured uncrustify additional arguments: 
[0.559s] -- Added test 'xmllint' to check XML markup files
[0.559s] -- Configuring done
[0.572s] -- Generating done
[0.576s] -- Build files have been written to: /home/sourav/ROS2-Self-Driving-Robot/control/bumperbot_ws/build/bumperbot_controller
[0.604s] [35m[1mConsolidate compiler generated dependencies of target simple_controller[0m
[0.620s] [  0%] Built target ament_cmake_python_copy_bumperbot_controller
[0.620s] [ 50%] [32mBuilding CXX object CMakeFiles/simple_controller.dir/src/simple_controller.cpp.o[0m
[0.859s] running egg_info
[0.860s] writing bumperbot_controller.egg-info/PKG-INFO
[0.860s] writing dependency_links to bumperbot_controller.egg-info/dependency_links.txt
[0.860s] writing top-level names to bumperbot_controller.egg-info/top_level.txt
[0.863s] reading manifest file 'bumperbot_controller.egg-info/SOURCES.txt'
[0.864s] writing manifest file 'bumperbot_controller.egg-info/SOURCES.txt'
[0.895s] [ 50%] Built target ament_cmake_python_build_bumperbot_controller_egg
[2.537s] [01m[K/home/sourav/ROS2-Self-Driving-Robot/control/bumperbot_ws/src/bumperbot_controller/src/simple_controller.cpp:[m[K In member function ‘[01m[Kvoid SimpleController::jointCallback(const JointState&)[m[K’:
[2.537s] [01m[K/home/sourav/ROS2-Self-Driving-Robot/control/bumperbot_ws/src/bumperbot_controller/src/simple_controller.cpp:106:3:[m[K [01;31m[Kerror: [m[K‘[01m[Ktransfrom_stamped_[m[K’ was not declared in this scope; did you mean ‘[01m[Ktransform_stamped_[m[K’?
[2.537s]   106 |   [01;31m[Ktransfrom_stamped_[m[K.header.stamp = get_clock()->now();
[2.537s]       |   [01;31m[K^~~~~~~~~~~~~~~~~~[m[K
[2.537s]       |   [32m[Ktransform_stamped_[m[K
[2.537s] [01m[K/home/sourav/ROS2-Self-Driving-Robot/control/bumperbot_ws/src/bumperbot_controller/src/simple_controller.cpp:109:27:[m[K [01;31m[Kerror: [m[K‘[01m[Kclass tf2_ros::TransformBroadcaster[m[K’ has no member named ‘[01m[KsendTrasform[m[K’; did you mean ‘[01m[KsendTransform[m[K’?
[2.537s]   109 |   transform_broadcaster_->[01;31m[KsendTrasform[m[K(transform_stamped_);
[2.537s]       |                           [01;31m[K^~~~~~~~~~~~[m[K
[2.537s]       |                           [32m[KsendTransform[m[K
[4.475s] gmake[2]: *** [CMakeFiles/simple_controller.dir/build.make:76: CMakeFiles/simple_controller.dir/src/simple_controller.cpp.o] Error 1
[4.475s] gmake[1]: *** [CMakeFiles/Makefile2:140: CMakeFiles/simple_controller.dir/all] Error 2
[4.475s] gmake: *** [Makefile:146: all] Error 2
[4.477s] Invoked command in '/home/sourav/ROS2-Self-Driving-Robot/control/bumperbot_ws/build/bumperbot_controller' returned '2': CMAKE_PREFIX_PATH=/opt/ros/humble /usr/bin/cmake --build /home/sourav/ROS2-Self-Driving-Robot/control/bumperbot_ws/build/bumperbot_controller -- -j16 -l16
