[0.024s] Invoking command in '/home/sourav/ROS2-Self-Driving-Robot/control/bumperbot_ws/build/bumperbot_controller': CMAKE_PREFIX_PATH=/opt/ros/humble /usr/bin/cmake --build /home/sourav/ROS2-Self-Driving-Robot/control/bumperbot_ws/build/bumperbot_controller -- -j16 -l16
[0.058s] [35m[1mConsolidate compiler generated dependencies of target twist_republisher[0m
[0.081s] [ 33%] Built target simple_controller
[0.087s] [ 50%] [32mBuilding CXX object CMakeFiles/twist_republisher.dir/src/twist_republisher.cpp.o[0m
[0.113s] [ 83%] Built target noisy_controller
[0.113s] [ 83%] Built target ament_cmake_python_copy_bumperbot_controller
[0.331s] running egg_info
[0.331s] writing bumperbot_controller.egg-info/PKG-INFO
[0.331s] writing dependency_links to bumperbot_controller.egg-info/dependency_links.txt
[0.331s] writing top-level names to bumperbot_controller.egg-info/top_level.txt
[0.333s] reading manifest file 'bumperbot_controller.egg-info/SOURCES.txt'
[0.334s] writing manifest file 'bumperbot_controller.egg-info/SOURCES.txt'
[0.359s] [ 83%] Built target ament_cmake_python_build_bumperbot_controller_egg
[1.902s] [01m[K/home/sourav/ROS2-Self-Driving-Robot/control/bumperbot_ws/src/bumperbot_controller/src/twist_republisher.cpp:[m[K In member function ‘[01m[Kvoid TwistRepublisher::twistStampedCallback(const Twist&) const[m[K’:
[1.903s] [01m[K/home/sourav/ROS2-Self-Driving-Robot/control/bumperbot_ws/src/bumperbot_controller/src/twist_republisher.cpp:24:68:[m[K [01;31m[Kerror: [m[Kpassing ‘[01m[Kstd::__shared_ptr_access<const rclcpp::Clock, __gnu_cxx::_S_atomic, false, false>::element_type[m[K’ {aka ‘[01m[Kconst rclcpp::Clock[m[K’} as ‘[01m[Kthis[m[K’ argument discards qualifiers [[01;31m[K]8;;https://gcc.gnu.org/onlinedocs/gcc/Warning-Options.html#index-fpermissive-fpermissive]8;;[m[K]
[1.903s]    24 |             twist_stamped_msg.header.stamp = [01;31m[Kthis->get_clock()->now()[m[K;
[1.903s]       |                                              [01;31m[K~~~~~~~~~~~~~~~~~~~~~~^~[m[K
[1.903s] In file included from [01m[K/opt/ros/humble/include/rclcpp/rclcpp/timer.hpp:27[m[K,
[1.903s]                  from [01m[K/opt/ros/humble/include/rclcpp/rclcpp/callback_group.hpp:30[m[K,
[1.903s]                  from [01m[K/opt/ros/humble/include/rclcpp/rclcpp/any_executable.hpp:20[m[K,
[1.903s]                  from [01m[K/opt/ros/humble/include/rclcpp/rclcpp/memory_strategy.hpp:25[m[K,
[1.903s]                  from [01m[K/opt/ros/humble/include/rclcpp/rclcpp/memory_strategies.hpp:18[m[K,
[1.903s]                  from [01m[K/opt/ros/humble/include/rclcpp/rclcpp/executor_options.hpp:20[m[K,
[1.903s]                  from [01m[K/opt/ros/humble/include/rclcpp/rclcpp/executor.hpp:37[m[K,
[1.903s]                  from [01m[K/opt/ros/humble/include/rclcpp/rclcpp/executors/multi_threaded_executor.hpp:25[m[K,
[1.903s]                  from [01m[K/opt/ros/humble/include/rclcpp/rclcpp/executors.hpp:21[m[K,
[1.903s]                  from [01m[K/opt/ros/humble/include/rclcpp/rclcpp/rclcpp.hpp:155[m[K,
[1.903s]                  from [01m[K/home/sourav/ROS2-Self-Driving-Robot/control/bumperbot_ws/src/bumperbot_controller/src/twist_republisher.cpp:1[m[K:
[1.903s] [01m[K/opt/ros/humble/include/rclcpp/rclcpp/clock.hpp:80:3:[m[K [01;36m[Knote: [m[K  in call to ‘[01m[Krclcpp::Time rclcpp::Clock::now()[m[K’
[1.903s]    80 |   [01;36m[Know[m[K();
[1.904s]       |   [01;36m[K^~~[m[K
[3.330s] gmake[2]: *** [CMakeFiles/twist_republisher.dir/build.make:76: CMakeFiles/twist_republisher.dir/src/twist_republisher.cpp.o] Error 1
[3.330s] gmake[1]: *** [CMakeFiles/Makefile2:196: CMakeFiles/twist_republisher.dir/all] Error 2
[3.330s] gmake: *** [Makefile:146: all] Error 2
[3.333s] Invoked command in '/home/sourav/ROS2-Self-Driving-Robot/control/bumperbot_ws/build/bumperbot_controller' returned '2': CMAKE_PREFIX_PATH=/opt/ros/humble /usr/bin/cmake --build /home/sourav/ROS2-Self-Driving-Robot/control/bumperbot_ws/build/bumperbot_controller -- -j16 -l16
