[0.014s] Invoking command in '/home/sourav/ROS2-Self-Driving-Robot/control/bumperbot_ws/build/bumperbot_controller': CMAKE_PREFIX_PATH=/opt/ros/humble /usr/bin/cmake --build /home/sourav/ROS2-Self-Driving-Robot/control/bumperbot_ws/build/bumperbot_controller -- -j16 -l16
[0.054s] [35m[1mConsolidate compiler generated dependencies of target simple_controller[0m
[0.069s] [  0%] Built target ament_cmake_python_copy_bumperbot_controller
[0.073s] [ 50%] [32mBuilding CXX object CMakeFiles/simple_controller.dir/src/simple_controller.cpp.o[0m
[0.290s] running egg_info
[0.291s] writing bumperbot_controller.egg-info/PKG-INFO
[0.291s] writing dependency_links to bumperbot_controller.egg-info/dependency_links.txt
[0.291s] writing top-level names to bumperbot_controller.egg-info/top_level.txt
[0.292s] reading manifest file 'bumperbot_controller.egg-info/SOURCES.txt'
[0.293s] writing manifest file 'bumperbot_controller.egg-info/SOURCES.txt'
[0.321s] [ 50%] Built target ament_cmake_python_build_bumperbot_controller_egg
[1.959s] In file included from [01m[K/home/sourav/ROS2-Self-Driving-Robot/control/bumperbot_ws/src/bumperbot_controller/src/simple_controller.cpp:1[m[K:
[1.959s] [01m[K/home/sourav/ROS2-Self-Driving-Robot/control/bumperbot_ws/src/bumperbot_controller/include/bumperbot_controller/simple_controller.hpp:30:12:[m[K [01;31m[Kerror: [m[Kredeclaration of ‘[01m[Kdouble SimpleController::wheel_separation_[m[K’
[1.959s]    30 |     double [01;31m[Kwheel_separation_[m[K;
[1.959s]       |            [01;31m[K^~~~~~~~~~~~~~~~~[m[K
[1.959s] [01m[K/home/sourav/ROS2-Self-Driving-Robot/control/bumperbot_ws/src/bumperbot_controller/include/bumperbot_controller/simple_controller.hpp:26:12:[m[K [01;36m[Knote: [m[Kprevious declaration ‘[01m[Kdouble SimpleController::wheel_separation_[m[K’
[1.959s]    26 |     double [01;36m[Kwheel_separation_[m[K;
[1.960s]       |            [01;36m[K^~~~~~~~~~~~~~~~~[m[K
[1.960s] [01m[K/home/sourav/ROS2-Self-Driving-Robot/control/bumperbot_ws/src/bumperbot_controller/include/bumperbot_controller/simple_controller.hpp:31:21:[m[K [01;31m[Kerror: [m[Kredeclaration of ‘[01m[KEigen::Matrix2d SimpleController::speed_conversion_[m[K’
[1.960s]    31 |     Eigen::Matrix2d [01;31m[Kspeed_conversion_[m[K;
[1.960s]       |                     [01;31m[K^~~~~~~~~~~~~~~~~[m[K
[1.960s] [01m[K/home/sourav/ROS2-Self-Driving-Robot/control/bumperbot_ws/src/bumperbot_controller/include/bumperbot_controller/simple_controller.hpp:27:21:[m[K [01;36m[Knote: [m[Kprevious declaration ‘[01m[KEigen::Matrix2d SimpleController::speed_conversion_[m[K’
[1.960s]    27 |     Eigen::Matrix2d [01;36m[Kspeed_conversion_[m[K;
[1.960s]       |                     [01;36m[K^~~~~~~~~~~~~~~~~[m[K
[2.067s] [01m[K/home/sourav/ROS2-Self-Driving-Robot/control/bumperbot_ws/src/bumperbot_controller/src/simple_controller.cpp:43:44:[m[K [01;31m[Kerror: [m[K‘[01m[Ksensor_msg[m[K’ does not name a type
[2.067s]    43 | void SimpleController::jointCallback(const [01;31m[Ksensor_msg[m[K::msg::JointState & msg)
[2.067s]       |                                            [01;31m[K^~~~~~~~~~[m[K
[2.067s] [01m[K/home/sourav/ROS2-Self-Driving-Robot/control/bumperbot_ws/src/bumperbot_controller/src/simple_controller.cpp:43:59:[m[K [01;31m[Kerror: [m[Kexpected unqualified-id before ‘[01m[K::[m[K’ token
[2.067s]    43 | void SimpleController::jointCallback(const sensor_msg::msg[01;31m[K::[m[KJointState & msg)
[2.067s]       |                                                           [01;31m[K^~[m[K
[2.067s] [01m[K/home/sourav/ROS2-Self-Driving-Robot/control/bumperbot_ws/src/bumperbot_controller/src/simple_controller.cpp:43:59:[m[K [01;31m[Kerror: [m[Kexpected ‘[01m[K)[m[K’ before ‘[01m[K::[m[K’ token
[2.067s]    43 | void SimpleController::jointCallback[34m[K([m[Kconst sensor_msg::msg[01;31m[K:[m[K[32m[K:[m[KJointState & msg)
[2.068s]       |                                     [34m[K~[m[K                     [01;31m[K^[m[K[32m[K~[m[K
[2.068s]       |                                                           [32m[K)[m[K
[2.068s] [01m[K/home/sourav/ROS2-Self-Driving-Robot/control/bumperbot_ws/src/bumperbot_controller/src/simple_controller.cpp:43:59:[m[K [01;31m[Kerror: [m[Kexpected initializer before ‘[01m[K::[m[K’ token
[2.068s]    43 | void SimpleController::jointCallback(const sensor_msg::msg[01;31m[K::[m[KJointState & msg)
[2.068s]       |                                                           [01;31m[K^~[m[K
[3.942s] gmake[2]: *** [CMakeFiles/simple_controller.dir/build.make:76: CMakeFiles/simple_controller.dir/src/simple_controller.cpp.o] Error 1
[3.942s] gmake[1]: *** [CMakeFiles/Makefile2:140: CMakeFiles/simple_controller.dir/all] Error 2
[3.942s] gmake: *** [Makefile:146: all] Error 2
[3.945s] Invoked command in '/home/sourav/ROS2-Self-Driving-Robot/control/bumperbot_ws/build/bumperbot_controller' returned '2': CMAKE_PREFIX_PATH=/opt/ros/humble /usr/bin/cmake --build /home/sourav/ROS2-Self-Driving-Robot/control/bumperbot_ws/build/bumperbot_controller -- -j16 -l16
